Archive member included to satisfy reference by file (symbol)

c:/program files (x86)/atmel/studio/7.0/toolchain/avr8/avr8-gnu-toolchain/bin/../lib/gcc/avr/5.4.0/../../../../avr/lib/avr5\libm.a(addsf3.o)
                              celula.o (__subsf3)
c:/program files (x86)/atmel/studio/7.0/toolchain/avr8/avr8-gnu-toolchain/bin/../lib/gcc/avr/5.4.0/../../../../avr/lib/avr5\libm.a(addsf3x.o)
                              c:/program files (x86)/atmel/studio/7.0/toolchain/avr8/avr8-gnu-toolchain/bin/../lib/gcc/avr/5.4.0/../../../../avr/lib/avr5\libm.a(addsf3.o) (__addsf3x)
c:/program files (x86)/atmel/studio/7.0/toolchain/avr8/avr8-gnu-toolchain/bin/../lib/gcc/avr/5.4.0/../../../../avr/lib/avr5\libm.a(cmpsf2.o)
                              celula.o (__ltsf2)
c:/program files (x86)/atmel/studio/7.0/toolchain/avr8/avr8-gnu-toolchain/bin/../lib/gcc/avr/5.4.0/../../../../avr/lib/avr5\libm.a(divsf3.o)
                              celula.o (__divsf3)
c:/program files (x86)/atmel/studio/7.0/toolchain/avr8/avr8-gnu-toolchain/bin/../lib/gcc/avr/5.4.0/../../../../avr/lib/avr5\libm.a(divsf3x.o)
                              c:/program files (x86)/atmel/studio/7.0/toolchain/avr8/avr8-gnu-toolchain/bin/../lib/gcc/avr/5.4.0/../../../../avr/lib/avr5\libm.a(divsf3.o) (__divsf3x)
c:/program files (x86)/atmel/studio/7.0/toolchain/avr8/avr8-gnu-toolchain/bin/../lib/gcc/avr/5.4.0/../../../../avr/lib/avr5\libm.a(fixsfsi.o)
                              celula.o (__fixsfsi)
c:/program files (x86)/atmel/studio/7.0/toolchain/avr8/avr8-gnu-toolchain/bin/../lib/gcc/avr/5.4.0/../../../../avr/lib/avr5\libm.a(fixunssfsi.o)
                              c:/program files (x86)/atmel/studio/7.0/toolchain/avr8/avr8-gnu-toolchain/bin/../lib/gcc/avr/5.4.0/../../../../avr/lib/avr5\libm.a(fixsfsi.o) (__fixunssfsi)
c:/program files (x86)/atmel/studio/7.0/toolchain/avr8/avr8-gnu-toolchain/bin/../lib/gcc/avr/5.4.0/../../../../avr/lib/avr5\libm.a(floatsisf.o)
                              HX711.o (__floatsisf)
c:/program files (x86)/atmel/studio/7.0/toolchain/avr8/avr8-gnu-toolchain/bin/../lib/gcc/avr/5.4.0/../../../../avr/lib/avr5\libm.a(fp_cmp.o)
                              c:/program files (x86)/atmel/studio/7.0/toolchain/avr8/avr8-gnu-toolchain/bin/../lib/gcc/avr/5.4.0/../../../../avr/lib/avr5\libm.a(cmpsf2.o) (__fp_cmp)
c:/program files (x86)/atmel/studio/7.0/toolchain/avr8/avr8-gnu-toolchain/bin/../lib/gcc/avr/5.4.0/../../../../avr/lib/avr5\libm.a(fp_inf.o)
                              c:/program files (x86)/atmel/studio/7.0/toolchain/avr8/avr8-gnu-toolchain/bin/../lib/gcc/avr/5.4.0/../../../../avr/lib/avr5\libm.a(addsf3x.o) (__fp_inf)
c:/program files (x86)/atmel/studio/7.0/toolchain/avr8/avr8-gnu-toolchain/bin/../lib/gcc/avr/5.4.0/../../../../avr/lib/avr5\libm.a(fp_nan.o)
                              c:/program files (x86)/atmel/studio/7.0/toolchain/avr8/avr8-gnu-toolchain/bin/../lib/gcc/avr/5.4.0/../../../../avr/lib/avr5\libm.a(addsf3x.o) (__fp_nan)
c:/program files (x86)/atmel/studio/7.0/toolchain/avr8/avr8-gnu-toolchain/bin/../lib/gcc/avr/5.4.0/../../../../avr/lib/avr5\libm.a(fp_pscA.o)
                              c:/program files (x86)/atmel/studio/7.0/toolchain/avr8/avr8-gnu-toolchain/bin/../lib/gcc/avr/5.4.0/../../../../avr/lib/avr5\libm.a(addsf3x.o) (__fp_pscA)
c:/program files (x86)/atmel/studio/7.0/toolchain/avr8/avr8-gnu-toolchain/bin/../lib/gcc/avr/5.4.0/../../../../avr/lib/avr5\libm.a(fp_pscB.o)
                              c:/program files (x86)/atmel/studio/7.0/toolchain/avr8/avr8-gnu-toolchain/bin/../lib/gcc/avr/5.4.0/../../../../avr/lib/avr5\libm.a(addsf3x.o) (__fp_pscB)
c:/program files (x86)/atmel/studio/7.0/toolchain/avr8/avr8-gnu-toolchain/bin/../lib/gcc/avr/5.4.0/../../../../avr/lib/avr5\libm.a(fp_round.o)
                              c:/program files (x86)/atmel/studio/7.0/toolchain/avr8/avr8-gnu-toolchain/bin/../lib/gcc/avr/5.4.0/../../../../avr/lib/avr5\libm.a(addsf3.o) (__fp_round)
c:/program files (x86)/atmel/studio/7.0/toolchain/avr8/avr8-gnu-toolchain/bin/../lib/gcc/avr/5.4.0/../../../../avr/lib/avr5\libm.a(fp_split3.o)
                              c:/program files (x86)/atmel/studio/7.0/toolchain/avr8/avr8-gnu-toolchain/bin/../lib/gcc/avr/5.4.0/../../../../avr/lib/avr5\libm.a(addsf3x.o) (__fp_split3)
c:/program files (x86)/atmel/studio/7.0/toolchain/avr8/avr8-gnu-toolchain/bin/../lib/gcc/avr/5.4.0/../../../../avr/lib/avr5\libm.a(fp_zero.o)
                              c:/program files (x86)/atmel/studio/7.0/toolchain/avr8/avr8-gnu-toolchain/bin/../lib/gcc/avr/5.4.0/../../../../avr/lib/avr5\libm.a(addsf3x.o) (__fp_zero)
c:/program files (x86)/atmel/studio/7.0/toolchain/avr8/avr8-gnu-toolchain/bin/../lib/gcc/avr/5.4.0/../../../../avr/lib/avr5\libm.a(gesf2.o)
                              celula.o (__gtsf2)
c:/program files (x86)/atmel/studio/7.0/toolchain/avr8/avr8-gnu-toolchain/bin/../lib/gcc/avr/5.4.0/../../../../avr/lib/avr5\libm.a(mulsf3.o)
                              celula.o (__mulsf3)
[...]
Memory Configuration

Name             Origin             Length             Attributes
text             0x00000000         0x00020000         xr
data             0x00800060         0x0000ffa0         rw !x
eeprom           0x00810000         0x00010000         rw !x
fuse             0x00820000         0x00000003         rw !x
lock             0x00830000         0x00000400         rw !x
signature        0x00840000         0x00000400         rw !x
user_signatures  0x00850000         0x00000400         rw !x
*default*        0x00000000         0xffffffff

Linker script and memory map

Address of section .data set to 0x800100
LOAD C:/Program Files (x86)/Atmel/Studio/7.0/Packs/atmel/ATmega_DFP/1.2.150/gcc/dev/atmega328p/avr5/crtatmega328p.o
LOAD celula.o
LOAD gestao.o
LOAD HX711.o
LOAD keypad/Key.o
LOAD keypad/Keypad.o
LOAD main.o
LOAD menu.o
LOAD RFID/MFRC522.o
LOAD RFID/MFRC522Extended.o
LOAD RFID/SPI.o
LOAD telas.o
LOAD user.o
START GROUP
LOAD c:/program files (x86)/atmel/studio/7.0/toolchain/avr8/avr8-gnu-toolchain/bin/../lib/gcc/avr/5.4.0/../../../../avr/lib/avr5\libm.a
LOAD C:\Users\rfr_9\Desktop\IFSC\7FASE~1\PI3~1\SMARTS~2\SMARTS~1\ARDUIN~1\Debug\libArduinoCore.a
END GROUP
LOAD c:/program files (x86)/atmel/studio/7.0/toolchain/avr8/avr8-gnu-toolchain/bin/../lib/gcc/avr/5.4.0/avr5\libgcc.a
LOAD c:/program files (x86)/atmel/studio/7.0/toolchain/avr8/avr8-gnu-toolchain/bin/../lib/gcc/avr/5.4.0/../../../../avr/lib/avr5\libm.a
START GROUP
LOAD c:/program files (x86)/atmel/studio/7.0/toolchain/avr8/avr8-gnu-toolchain/bin/../lib/gcc/avr/5.4.0/avr5\libgcc.a
LOAD c:/program files (x86)/atmel/studio/7.0/toolchain/avr8/avr8-gnu-toolchain/bin/../lib/gcc/avr/5.4.0/../../../../avr/lib/avr5\libm.a
LOAD c:/program files (x86)/atmel/studio/7.0/toolchain/avr8/avr8-gnu-toolchain/bin/../lib/gcc/avr/5.4.0/../../../../avr/lib/avr5\libc.a
LOAD C:/Program Files (x86)/Atmel/Studio/7.0/Packs/atmel/ATmega_DFP/1.2.150/gcc/dev/atmega328p/avr5\libatmega328p.a
END GROUP
                0x00020000                __TEXT_REGION_LENGTH__ = DEFINED (__TEXT_REGION_LENGTH__)?__TEXT_REGION_LENGTH__:0x20000
                0x0000ffa0                __DATA_REGION_LENGTH__ = DEFINED (__DATA_REGION_LENGTH__)?__DATA_REGION_LENGTH__:0xffa0
                0x00010000                __EEPROM_REGION_LENGTH__ = DEFINED (__EEPROM_REGION_LENGTH__)?__EEPROM_REGION_LENGTH__:0x10000
                [0x00000003]                __FUSE_REGION_LENGTH__ = DEFINED (__FUSE_REGION_LENGTH__)?__FUSE_REGION_LENGTH__:0x400
                0x00000400                __LOCK_REGION_LENGTH__ = DEFINED (__LOCK_REGION_LENGTH__)?__LOCK_REGION_LENGTH__:0x400
                0x00000400                __SIGNATURE_REGION_LENGTH__ = DEFINED (__SIGNATURE_REGION_LENGTH__)?__SIGNATURE_REGION_LENGTH__:0x400
                0x00000400                __USER_SIGNATURE_REGION_LENGTH__ = DEFINED (__USER_SIGNATURE_REGION_LENGTH__)?__USER_SIGNATURE_REGION_LENGTH__:0x400

.hash
 *(.hash)

.dynsym
 *(.dynsym)

.dynstr
 *(.dynstr)

.gnu.version
 *(.gnu.version)

.gnu.version_d
 *(.gnu.version_d)

.gnu.version_r
 *(.gnu.version_r)

.rel.init
 *(.rel.init)

.rela.init
 *(.rela.init)

.rel.text
 *(.rel.text)
 *(.rel.text.*)
 *(.rel.gnu.linkonce.t*)

.rela.text
 *(.rela.text)
 *(.rela.text.*)
 *(.rela.gnu.linkonce.t*)

.rel.fini
 *(.rel.fini)

.rela.fini
 *(.rela.fini)

.rel.rodata
 *(.rel.rodata)
 *(.rel.rodata.*)
 *(.rel.gnu.linkonce.r*)

.rela.rodata
 *(.rela.rodata)
 *(.rela.rodata.*)
 *(.rela.gnu.linkonce.r*)

.rel.data
 *(.rel.data)
 *(.rel.data.*)
 *(.rel.gnu.linkonce.d*)

.rela.data
 *(.rela.data)
 *(.rela.data.*)
 *(.rela.gnu.linkonce.d*)

.rel.ctors
 *(.rel.ctors)

.rela.ctors
 *(.rela.ctors)

.rel.dtors
 *(.rel.dtors)

.rela.dtors
 *(.rela.dtors)

.rel.got
 *(.rel.got)

.rela.got
 *(.rela.got)

.rel.bss
 *(.rel.bss)

.rela.bss
 *(.rela.bss)

.rel.plt
 *(.rel.plt)

.rela.plt
 *(.rela.plt)

.text           0x00000000     0x5f3c
 *(.vectors)
 .vectors       0x00000000       0x68 C:/Program Files (x86)/Atmel/Studio/7.0/Packs/atmel/ATmega_DFP/1.2.150/gcc/dev/atmega328p/avr5/crtatmega328p.o
                0x00000000                __vector_default
                0x00000000                __vectors
 *(.vectors)
 *(.progmem.gcc*)
 .progmem.gcc_sw_table.u8g_com_arduino_st7920_spi_fn
                0x00000068        0xe C:\Users\rfr_9\Desktop\IFSC\7FASE~1\PI3~1\SMARTS~2\SMARTS~1\ARDUIN~1\Debug\libArduinoCore.a(u8g_com_arduino_st7920_spi.o)
                0x00000076                . = ALIGN (0x2)
                0x00000076                __trampolines_start = .
 *(.trampolines)
 .trampolines   0x00000076        0x0 linker stubs
 *(.trampolines*)
                0x00000076                __trampolines_end = .
 *libprintf_flt.a:*(.progmem.data)
 *libc.a:*(.progmem.data)
 *(.progmem*)
 .progmem.data._ZL21cadeado_aberto_bitmap
                0x00000076      0x400 telas.o
 .progmem.data._ZL14cadeado_bitmap
                0x00000476      0x400 telas.o
 .progmem.data.digital_pin_to_timer_PGM
                0x00000876       0x14 C:\Users\rfr_9\Desktop\IFSC\7FASE~1\PI3~1\SMARTS~2\SMARTS~1\ARDUIN~1\Debug\libArduinoCore.a(wiring_digital.o)
                0x00000876                digital_pin_to_timer_PGM
 .progmem.data.digital_pin_to_bit_mask_PGM
                0x0000088a       0x14 C:\Users\rfr_9\Desktop\IFSC\7FASE~1\PI3~1\SMARTS~2\SMARTS~1\ARDUIN~1\Debug\libArduinoCore.a(wiring_digital.o)
                0x0000088a                digital_pin_to_bit_mask_PGM
 .progmem.data.digital_pin_to_port_PGM
                0x0000089e       0x14 C:\Users\rfr_9\Desktop\IFSC\7FASE~1\PI3~1\SMARTS~2\SMARTS~1\ARDUIN~1\Debug\libArduinoCore.a(wiring_digital.o)
                0x0000089e                digital_pin_to_port_PGM
 .progmem.data.port_to_input_PGM
                0x000008b2        0xa C:\Users\rfr_9\Desktop\IFSC\7FASE~1\PI3~1\SMARTS~2\SMARTS~1\ARDUIN~1\Debug\libArduinoCore.a(wiring_digital.o)
                0x000008b2                port_to_input_PGM
 .progmem.data.port_to_output_PGM
                0x000008bc        0xa C:\Users\rfr_9\Desktop\IFSC\7FASE~1\PI3~1\SMARTS~2\SMARTS~1\ARDUIN~1\Debug\libArduinoCore.a(wiring_digital.o)
                0x000008bc                port_to_output_PGM
 .progmem.data.port_to_mode_PGM
                0x000008c6        0xa C:\Users\rfr_9\Desktop\IFSC\7FASE~1\PI3~1\SMARTS~2\SMARTS~1\ARDUIN~1\Debug\libArduinoCore.a(wiring_digital.o)
                0x000008c6                port_to_mode_PGM
 .progmem.data.u8g_dev_st7920_128x64_init_seq
                0x000008d0       0x17 C:\Users\rfr_9\Desktop\IFSC\7FASE~1\PI3~1\SMARTS~2\SMARTS~1\ARDUIN~1\Debug\libArduinoCore.a(u8g_dev_st7920_128x64.o)
 .progmem.u8g_font_5x8
                0x000008e7      0x69d C:\Users\rfr_9\Desktop\IFSC\7FASE~1\PI3~1\SMARTS~2\SMARTS~1\ARDUIN~1\Debug\libArduinoCore.a(u8g_font_data.o)
                0x000008e7                u8g_font_5x8
                0x00000f84                . = ALIGN (0x2)
 *(.jumptables)
 *(.jumptables*)
 *(.lowtext)
 *(.lowtext*)
                0x00000f84                __ctors_start = .
 *(.ctors)
 .ctors         0x00000f84        0x2 celula.o
 .ctors         0x00000f86        0x2 main.o
 .ctors         0x00000f88        0x2 C:\Users\rfr_9\Desktop\IFSC\7FASE~1\PI3~1\SMARTS~2\SMARTS~1\ARDUIN~1\Debug\libArduinoCore.a(HardwareSerial0.o)
                0x00000f8a                __ctors_end = .
                0x00000f8a                __dtors_start = .
 *(.dtors)
 .dtors         0x00000f8a        0x2 celula.o
                0x00000f8c                __dtors_end = .
 SORT(*)(.ctors)
 SORT(*)(.dtors)
 *(.init0)
 .init0         0x00000f8c        0x0 C:/Program Files (x86)/Atmel/Studio/7.0/Packs/atmel/ATmega_DFP/1.2.150/gcc/dev/atmega328p/avr5/crtatmega328p.o
                0x00000f8c                __init
 *(.init0)
 *(.init1)
 *(.init1)
 *(.init2)
 .init2         0x00000f8c        0xc C:/Program Files (x86)/Atmel/Studio/7.0/Packs/atmel/ATmega_DFP/1.2.150/gcc/dev/atmega328p/avr5/crtatmega328p.o
 *(.init2)
 *(.init3)
 *(.init3)
 *(.init4)
 .init4         0x00000f98       0x16 c:/program files (x86)/atmel/studio/7.0/toolchain/avr8/avr8-gnu-toolchain/bin/../lib/gcc/avr/5.4.0/avr5\libgcc.a(_copy_data.o)
                0x00000f98                __do_copy_data
 .init4         0x00000fae       0x10 c:/program files (x86)/atmel/studio/7.0/toolchain/avr8/avr8-gnu-toolchain/bin/../lib/gcc/avr/5.4.0/avr5\libgcc.a(_clear_bss.o)
                0x00000fae                __do_clear_bss
 *(.init4)
 *(.init5)
 *(.init5)
 *(.init6)
 .init6         0x00000fbe       0x16 c:/program files (x86)/atmel/studio/7.0/toolchain/avr8/avr8-gnu-toolchain/bin/../lib/gcc/avr/5.4.0/avr5\libgcc.a(_ctors.o)
                0x00000fbe                __do_global_ctors
 *(.init6)
 *(.init7)
 *(.init7)
 *(.init8)
 *(.init8)
 *(.init9)
 .init9         0x00000fd4        0x8 C:/Program Files (x86)/Atmel/Studio/7.0/Packs/atmel/ATmega_DFP/1.2.150/gcc/dev/atmega328p/avr5/crtatmega328p.o
 *(.init9)
 *(.text)
 .text          0x00000fdc        0x4 C:/Program Files (x86)/Atmel/Studio/7.0/Packs/atmel/ATmega_DFP/1.2.150/gcc/dev/atmega328p/avr5/crtatmega328p.o
                0x00000fdc                __vector_22
                0x00000fdc                __vector_1
                0x00000fdc                __vector_24
                0x00000fdc                __vector_12
                0x00000fdc                __bad_interrupt
                0x00000fdc                __vector_6
                0x00000fdc                __vector_3
                0x00000fdc                __vector_23
                0x00000fdc                __vector_25
                0x00000fdc                __vector_11
                0x00000fdc                __vector_13
                0x00000fdc                __vector_17
                0x00000fdc                __vector_7
                0x00000fdc                __vector_5
                0x00000fdc                __vector_4
                0x00000fdc                __vector_9
                0x00000fdc                __vector_2
                0x00000fdc                __vector_21
                0x00000fdc                __vector_15
                0x00000fdc                __vector_8
                0x00000fdc                __vector_14
                0x00000fdc                __vector_10
                0x00000fdc                __vector_20
                0x00000fe0                . = ALIGN (0x2)
 *(.text.*)
 .text._Z15calibra_balancav
                0x00000fe0       0x10 celula.o
                0x00000fe0                _Z15calibra_balancav
 .text._Z11zeraBalancav
                0x00000ff0        0xa celula.o
                0x00000ff0                _Z11zeraBalancav
 .text._Z20balanca_update_equipPP5equipiPci
                0x00000ffa      0x264 celula.o
                0x00000ffa                _Z20balanca_update_equipPP5equipiPci
 .text.startup._GLOBAL__sub_I_balanca
                0x0000125e        0xe celula.o
 .text._Z13balanca_checkv
                0x0000126c      0x23c celula.o
                0x0000126c                _Z13balanca_checkv
 .text.exit._GLOBAL__sub_D_balanca
                0x000014a8        0x8 celula.o
 .text._Z9equip_newiPcS_iS_
                0x000014b0       0xe6 gestao.o
                0x000014b0                _Z9equip_newiPcS_iS_
 .text._Z16equip_get_weightP5equip
                0x00001596        0x8 gestao.o
                0x00001596                _Z16equip_get_weightP5equip
 .text._Z15equip_set_localP5equipPc
                0x0000159e       0x4a gestao.o
                0x0000159e                _Z15equip_set_localP5equipPc
 .text._Z14equip_get_nameP5equip
                0x000015e8        0x8 gestao.o
                0x000015e8                _Z14equip_get_nameP5equip
 .text._Z13preset_equipsi
                0x000015f0      0x13c gestao.o
                0x000015f0                _Z13preset_equipsi
 .text._ZN5HX711D2Ev
                0x0000172c        0x2 HX711.o
                0x0000172c                _ZN5HX711D2Ev
                0x0000172c                _ZN5HX711D1Ev
 .text._ZN5HX711D0Ev
                0x0000172e        0x4 HX711.o
                0x0000172e                _ZN5HX711D0Ev
 .text.yield    0x00001732        0x2 HX711.o
                0x00001732                yield
 .text._ZN5HX7118is_readyEv
                0x00001734       0x14 HX711.o
                0x00001734                _ZN5HX7118is_readyEv
 .text._ZN5HX7114readEv
                0x00001748       0xb0 HX711.o
                0x00001748                _ZN5HX7114readEv
 .text._ZN5HX7118set_gainEh
                0x000017f8       0x30 HX711.o
                0x000017f8                _ZN5HX7118set_gainEh
 .text._ZN5HX7115beginEhhh
                0x00001828       0x2c HX711.o
                0x00001828                _ZN5HX7115beginEhhh
 .text._ZN5HX711C2Ehhh
                0x00001854       0x42 HX711.o
                0x00001854                _ZN5HX711C1Ehhh
                0x00001854                _ZN5HX711C2Ehhh
 .text._ZN5HX71112read_averageEh
                0x00001896       0x58 HX711.o
                0x00001896                _ZN5HX71112read_averageEh
 .text._ZN5HX7119get_valueEh
                0x000018ee       0x2c HX711.o
                0x000018ee                _ZN5HX7119get_valueEh
 .text._ZN5HX7119get_unitsEh
                0x0000191a       0x1c HX711.o
                0x0000191a                _ZN5HX7119get_unitsEh
 .text._ZN5HX7114tareEh
                0x00001936       0x20 HX711.o
                0x00001936                _ZN5HX7114tareEh
 .text._ZN5HX7119set_scaleEf
                0x00001956        0xc HX711.o
                0x00001956                _ZN5HX7119set_scaleEf
 .text._ZN3KeyC2Ev
                0x00001962        0xa keypad/Key.o
                0x00001962                _ZN3KeyC2Ev
                0x00001962                _ZN3KeyC1Ev
 .text._ZN6Keypad8pin_readEh
                0x0000196c        0x6 keypad/Keypad.o
                0x0000196c                _ZN6Keypad8pin_readEh
 .text._ZN6Keypad9pin_writeEhb
                0x00001972        0x8 keypad/Keypad.o
                0x00001972                _ZN6Keypad9pin_writeEhb
 .text._ZN6Keypad8pin_modeEhh
                0x0000197a        0x8 keypad/Keypad.o
                0x0000197a                _ZN6Keypad8pin_modeEhh
 .text._ZN6KeypadC2EPcPhS1_hh
                0x00001982       0xba keypad/Keypad.o
                0x00001982                _ZN6KeypadC2EPcPhS1_hh
                0x00001982                _ZN6KeypadC1EPcPhS1_hh
 .text._ZN6Keypad8scanKeysEv
                0x00001a3c      0x1f4 keypad/Keypad.o
                0x00001a3c                _ZN6Keypad8scanKeysEv
 .text._ZN6Keypad10findInListEi
                0x00001c30       0x20 keypad/Keypad.o
                0x00001c30                _ZN6Keypad10findInListEi
 .text._ZN6Keypad12transitionToEh8KeyState
                0x00001c50       0x46 keypad/Keypad.o
                0x00001c50                _ZN6Keypad12transitionToEh8KeyState
 .text._ZN6Keypad12nextKeyStateEhb
                0x00001c96       0xbc keypad/Keypad.o
                0x00001c96                _ZN6Keypad12nextKeyStateEhb
 .text._ZN6Keypad10updateListEv
                0x00001d52      0x188 keypad/Keypad.o
                0x00001d52                _ZN6Keypad10updateListEv
 .text._ZN6Keypad7getKeysEv
                0x00001eda       0x7a keypad/Keypad.o
                0x00001eda                _ZN6Keypad7getKeysEv
 .text._ZN6Keypad6getKeyEv
                0x00001f54       0x40 keypad/Keypad.o
                0x00001f54                _ZN6Keypad6getKeyEv
 .text._ZN5Print17availableForWriteEv
                0x00001f94        0x6 main.o
                0x00001f94                _ZN5Print17availableForWriteEv
 .text._ZN5Print5flushEv
                0x00001f9a        0x2 main.o
                0x00001f9a                _ZN5Print5flushEv
 .text._ZN6U8GLIB5writeEh
                0x00001f9c       0x22 main.o
                0x00001f9c                _ZN6U8GLIB5writeEh
 .text.setup    0x00001fbe      0x10e main.o
                0x00001fbe                setup
 .text.loop     0x000020cc      0x1a2 main.o
                0x000020cc                loop
 .text.startup._GLOBAL__sub_I_keypad_input
                0x0000226e       0x6c main.o
 .text._Z16password_refreshcPi
                0x000022da       0x5e menu.o
                0x000022da                _Z16password_refreshcPi
 .text._Z14password_checkPP4useriiPiPc
                0x00002338       0xee menu.o
                0x00002338                _Z14password_checkPP4useriiPiPc
 .text._Z10RFID_check7MFRC522PP4useriPc
                0x00002426      0x1f0 menu.o
                0x00002426                _Z10RFID_check7MFRC522PP4useriPc
 .text._ZN7MFRC52219PICC_ReadCardSerialEv
                0x00002616       0x20 RFID/MFRC522.o
                0x00002616                _ZN7MFRC52219PICC_ReadCardSerialEv
 .text._ZN8SPIClass16beginTransactionE11SPISettings
                0x00002636       0x34 RFID/MFRC522.o
                0x00002636                _ZN8SPIClass16beginTransactionE11SPISettings
 .text._ZN8SPIClass8transferEh
                0x0000266a        0xe RFID/MFRC522.o
                0x0000266a                _ZN8SPIClass8transferEh
 .text._ZN8SPIClass14endTransactionEv
                0x00002678       0x22 RFID/MFRC522.o
                0x00002678                _ZN8SPIClass14endTransactionEv
 .text._ZN7MFRC52216PCD_ReadRegisterENS_12PCD_RegisterEhPhh.part.1.constprop.8
                0x0000269a       0xaa RFID/MFRC522.o
 .text._ZN7MFRC522C2Ehh
                0x00002744       0x10 RFID/MFRC522.o
                0x00002744                _ZN7MFRC522C2Ehh
                0x00002744                _ZN7MFRC522C1Ehh
 .text._ZN7MFRC52217PCD_WriteRegisterENS_12PCD_RegisterEh
                0x00002754       0x3e RFID/MFRC522.o
                0x00002754                _ZN7MFRC52217PCD_WriteRegisterENS_12PCD_RegisterEh
 .text._ZN7MFRC52217PCD_WriteRegisterENS_12PCD_RegisterEhPh
                0x00002792       0x66 RFID/MFRC522.o
                0x00002792                _ZN7MFRC52217PCD_WriteRegisterENS_12PCD_RegisterEhPh
 .text._ZN7MFRC52216PCD_ReadRegisterENS_12PCD_RegisterE
                0x000027f8       0x40 RFID/MFRC522.o
                0x000027f8                _ZN7MFRC52216PCD_ReadRegisterENS_12PCD_RegisterE
 .text._ZN7MFRC52216PCD_ReadRegisterENS_12PCD_RegisterEhPhh
                0x00002838        0xc RFID/MFRC522.o
                0x00002838                _ZN7MFRC52216PCD_ReadRegisterENS_12PCD_RegisterEhPhh
 .text._ZN7MFRC52222PCD_SetRegisterBitMaskENS_12PCD_RegisterEh
                0x00002844       0x26 RFID/MFRC522.o
                0x00002844                _ZN7MFRC52222PCD_SetRegisterBitMaskENS_12PCD_RegisterEh
 .text._ZN7MFRC52224PCD_ClearRegisterBitMaskENS_12PCD_RegisterEh
                0x0000286a       0x28 RFID/MFRC522.o
                0x0000286a                _ZN7MFRC52224PCD_ClearRegisterBitMaskENS_12PCD_RegisterEh
 .text._ZN7MFRC52216PCD_CalculateCRCEPhhS0_
                0x00002892       0x9a RFID/MFRC522.o
                0x00002892                _ZN7MFRC52216PCD_CalculateCRCEPhhS0_
 .text._ZN7MFRC5229PCD_ResetEv
                0x0000292c       0x36 RFID/MFRC522.o
                0x0000292c                _ZN7MFRC5229PCD_ResetEv
 .text._ZN7MFRC52213PCD_AntennaOnEv
                0x00002962       0x2a RFID/MFRC522.o
                0x00002962                _ZN7MFRC52213PCD_AntennaOnEv
 .text._ZN7MFRC5228PCD_InitEv
                0x0000298c       0xc8 RFID/MFRC522.o
                0x0000298c                _ZN7MFRC5228PCD_InitEv
 .text._ZN7MFRC52223PCD_CommunicateWithPICCEhhPhhS0_S0_S0_hb
                0x00002a54      0x1a6 RFID/MFRC522.o
                0x00002a54                _ZN7MFRC52223PCD_CommunicateWithPICCEhhPhhS0_S0_S0_hb
 .text._ZN7MFRC52218PCD_TransceiveDataEPhhS0_S0_S0_hb
                0x00002bfa       0x3e RFID/MFRC522.o
                0x00002bfa                _ZN7MFRC52218PCD_TransceiveDataEPhhS0_S0_S0_hb
 .text._ZN7MFRC52211PICC_SelectEPNS_3UidEh
                0x00002c38      0x30a RFID/MFRC522.o
                0x00002c38                _ZN7MFRC52211PICC_SelectEPNS_3UidEh
 .text._ZN7MFRC52217PICC_REQA_or_WUPAEhPhS0_
                0x00002f42       0xa0 RFID/MFRC522.o
                0x00002f42                _ZN7MFRC52217PICC_REQA_or_WUPAEhPhS0_
 .text._ZN7MFRC52213PICC_RequestAEPhS0_
                0x00002fe2        0xa RFID/MFRC522.o
                0x00002fe2                _ZN7MFRC52213PICC_RequestAEPhS0_
 .text._ZN7MFRC52221PICC_IsNewCardPresentEv
                0x00002fec       0x64 RFID/MFRC522.o
                0x00002fec                _ZN7MFRC52221PICC_IsNewCardPresentEv
 .text._ZN8SPIClass5beginEv
                0x00003050       0x6c RFID/SPI.o
                0x00003050                _ZN8SPIClass5beginEv
 .text._ZN6U8GLIB7drawStrEhhPKc
                0x000030bc        0x6 telas.o
                0x000030bc                _ZN6U8GLIB7drawStrEhhPKc
 .text._Z9u8g_Tela123U8GLIB_ST7920_128X64_1Xc
                0x000030c2       0xbc telas.o
                0x000030c2                _Z9u8g_Tela123U8GLIB_ST7920_128X64_1Xc
 .text._Z9u8g_Tela223U8GLIB_ST7920_128X64_1X
                0x0000317e       0x70 telas.o
                0x0000317e                _Z9u8g_Tela223U8GLIB_ST7920_128X64_1X
 .text._Z9u8g_Tela423U8GLIB_ST7920_128X64_1XPi
                0x000031ee       0xa2 telas.o
                0x000031ee                _Z9u8g_Tela423U8GLIB_ST7920_128X64_1XPi
 .text._ZN23U8GLIB_ST7920_128X64_1XC2ERKS_
                0x00003290       0x44 telas.o
                0x00003290                _ZN23U8GLIB_ST7920_128X64_1XC1ERKS_
                0x00003290                _ZN23U8GLIB_ST7920_128X64_1XC2ERKS_
 .text._Z4draw23U8GLIB_ST7920_128X64_1XiPic
                0x000032d4       0x9a telas.o
                0x000032d4                _Z4draw23U8GLIB_ST7920_128X64_1XiPic
 .text._Z10delay_telai
                0x0000336e       0x12 telas.o
                0x0000336e                _Z10delay_telai
 .text._Z8user_newPcS_Pii
                0x00003380       0xa6 user.o
                0x00003380                _Z8user_newPcS_Pii
 .text._Z11user_get_idP4user
                0x00003426        0xe user.o
                0x00003426                _Z11user_get_idP4user
 .text._Z13user_get_nameP4user
                0x00003434       0x14 user.o
                0x00003434                _Z13user_get_nameP4user
 .text._Z17user_get_passwordP4user
                0x00003448       0x10 user.o
                0x00003448                _Z17user_get_passwordP4user
 .text._Z12preset_usersi
                0x00003458      0x102 user.o
                0x00003458                _Z12preset_usersi
 .text.avr-libc.fplib
                0x0000355a        0xe c:/program files (x86)/atmel/studio/7.0/toolchain/avr8/avr8-gnu-toolchain/bin/../lib/gcc/avr/5.4.0/../../../../avr/lib/avr5\libm.a(addsf3.o)
                0x0000355a                __subsf3
                0x0000355c                __addsf3
 .text.avr-libc.fplib
                0x00003568       0xcc c:/program files (x86)/atmel/studio/7.0/toolchain/avr8/avr8-gnu-toolchain/bin/../lib/gcc/avr/5.4.0/../../../../avr/lib/avr5\libm.a(addsf3x.o)
                0x0000358a                __addsf3x
 .text.avr-libc.fplib
                0x00003634        0xa c:/program files (x86)/atmel/studio/7.0/toolchain/avr8/avr8-gnu-toolchain/bin/../lib/gcc/avr/5.4.0/../../../../avr/lib/avr5\libm.a(cmpsf2.o)
                0x00003634                __nesf2
                0x00003634                __eqsf2
                0x00003634                __cmpsf2
                0x00003634                __ltsf2
                0x00003634                __lesf2
 .text.avr-libc.fplib
                0x0000363e        0x8 c:/program files (x86)/atmel/studio/7.0/toolchain/avr8/avr8-gnu-toolchain/bin/../lib/gcc/avr/5.4.0/../../../../avr/lib/avr5\libm.a(divsf3.o)
                0x0000363e                __divsf3
 .text.avr-libc.fplib
                0x00003646       0xdc c:/program files (x86)/atmel/studio/7.0/toolchain/avr8/avr8-gnu-toolchain/bin/../lib/gcc/avr/5.4.0/../../../../avr/lib/avr5\libm.a(divsf3x.o)
                0x00003666                __divsf3x
                0x0000366c                __divsf3_pse
 .text.avr-libc.fplib
                0x00003722        0xe c:/program files (x86)/atmel/studio/7.0/toolchain/avr8/avr8-gnu-toolchain/bin/../lib/gcc/avr/5.4.0/../../../../avr/lib/avr5\libm.a(fixsfsi.o)
                0x00003722                __fixsfsi
 .text.avr-libc.fplib
                0x00003730       0x5e c:/program files (x86)/atmel/studio/7.0/toolchain/avr8/avr8-gnu-toolchain/bin/../lib/gcc/avr/5.4.0/../../../../avr/lib/avr5\libm.a(fixunssfsi.o)
                0x00003730                __fixunssfsi
 .text.avr-libc.fplib
                0x0000378e       0x7a c:/program files (x86)/atmel/studio/7.0/toolchain/avr8/avr8-gnu-toolchain/bin/../lib/gcc/avr/5.4.0/../../../../avr/lib/avr5\libm.a(floatsisf.o)
                0x0000378e                __floatunsisf
                0x00003792                __floatsisf
 .text.avr-libc.fplib
                0x00003808       0x48 c:/program files (x86)/atmel/studio/7.0/toolchain/avr8/avr8-gnu-toolchain/bin/../lib/gcc/avr/5.4.0/../../../../avr/lib/avr5\libm.a(fp_cmp.o)
                0x00003808                __fp_cmp
 .text.avr-libc.fplib
                0x00003850        0xc c:/program files (x86)/atmel/studio/7.0/toolchain/avr8/avr8-gnu-toolchain/bin/../lib/gcc/avr/5.4.0/../../../../avr/lib/avr5\libm.a(fp_inf.o)
                0x00003850                __fp_inf
 .text.avr-libc.fplib
                0x0000385c        0x6 c:/program files (x86)/atmel/studio/7.0/toolchain/avr8/avr8-gnu-toolchain/bin/../lib/gcc/avr/5.4.0/../../../../avr/lib/avr5\libm.a(fp_nan.o)
                0x0000385c                __fp_nan
 .text.avr-libc.fplib
                0x00003862        0xe c:/program files (x86)/atmel/studio/7.0/toolchain/avr8/avr8-gnu-toolchain/bin/../lib/gcc/avr/5.4.0/../../../../avr/lib/avr5\libm.a(fp_pscA.o)
                0x00003862                __fp_pscA
 .text.avr-libc.fplib
                0x00003870        0xe c:/program files (x86)/atmel/studio/7.0/toolchain/avr8/avr8-gnu-toolchain/bin/../lib/gcc/avr/5.4.0/../../../../avr/lib/avr5\libm.a(fp_pscB.o)
                0x00003870                __fp_pscB
 .text.avr-libc.fplib
                0x0000387e       0x22 c:/program files (x86)/atmel/studio/7.0/toolchain/avr8/avr8-gnu-toolchain/bin/../lib/gcc/avr/5.4.0/../../../../avr/lib/avr5\libm.a(fp_round.o)
                0x0000387e                __fp_round
 .text.avr-libc.fplib
                0x000038a0       0x44 c:/program files (x86)/atmel/studio/7.0/toolchain/avr8/avr8-gnu-toolchain/bin/../lib/gcc/avr/5.4.0/../../../../avr/lib/avr5\libm.a(fp_split3.o)
                0x000038a0                __fp_split3
                0x000038b0                __fp_splitA
 .text.avr-libc.fplib
                0x000038e4        0xe c:/program files (x86)/atmel/studio/7.0/toolchain/avr8/avr8-gnu-toolchain/bin/../lib/gcc/avr/5.4.0/../../../../avr/lib/avr5\libm.a(fp_zero.o)
                0x000038e4                __fp_zero
                0x000038e6                __fp_szero
 .text.avr-libc.fplib
                0x000038f2        0xa c:/program files (x86)/atmel/studio/7.0/toolchain/avr8/avr8-gnu-toolchain/bin/../lib/gcc/avr/5.4.0/../../../../avr/lib/avr5\libm.a(gesf2.o)
                0x000038f2                __gesf2
                0x000038f2                __gtsf2
 .text.avr-libc.fplib
                0x000038fc        0x8 c:/program files (x86)/atmel/studio/7.0/toolchain/avr8/avr8-gnu-toolchain/bin/../lib/gcc/avr/5.4.0/../../../../avr/lib/avr5\libm.a(mulsf3.o)
                0x000038fc                __mulsf3
 .text.avr-libc.fplib
                0x00003904       0xd2 c:/program files (x86)/atmel/studio/7.0/toolchain/avr8/avr8-gnu-toolchain/bin/../lib/gcc/avr/5.4.0/../../../../avr/lib/avr5\libm.a(mulsf3x.o)
                0x00003922                __mulsf3x
                0x00003928                __mulsf3_pse
 .text._ZN14HardwareSerial9availableEv
                0x000039d6       0x18 C:\Users\rfr_9\Desktop\IFSC\7FASE~1\PI3~1\SMARTS~2\SMARTS~1\ARDUIN~1\Debug\libArduinoCore.a(HardwareSerial.o)
                0x000039d6                _ZN14HardwareSerial9availableEv
 .text._ZN14HardwareSerial4peekEv
                0x000039ee       0x1c C:\Users\rfr_9\Desktop\IFSC\7FASE~1\PI3~1\SMARTS~2\SMARTS~1\ARDUIN~1\Debug\libArduinoCore.a(HardwareSerial.o)
                0x000039ee                _ZN14HardwareSerial4peekEv
 .text._ZN14HardwareSerial4readEv
                0x00003a0a       0x28 C:\Users\rfr_9\Desktop\IFSC\7FASE~1\PI3~1\SMARTS~2\SMARTS~1\ARDUIN~1\Debug\libArduinoCore.a(HardwareSerial.o)
                0x00003a0a                _ZN14HardwareSerial4readEv
 .text._ZN14HardwareSerial17availableForWriteEv
                0x00003a32       0x1e C:\Users\rfr_9\Desktop\IFSC\7FASE~1\PI3~1\SMARTS~2\SMARTS~1\ARDUIN~1\Debug\libArduinoCore.a(HardwareSerial.o)
                0x00003a32                _ZN14HardwareSerial17availableForWriteEv
 .text._Z14serialEventRunv
                0x00003a50       0x1c C:\Users\rfr_9\Desktop\IFSC\7FASE~1\PI3~1\SMARTS~2\SMARTS~1\ARDUIN~1\Debug\libArduinoCore.a(HardwareSerial.o)
                0x00003a50                _Z14serialEventRunv
 .text._ZN14HardwareSerial17_tx_udr_empty_irqEv
                0x00003a6c       0x42 C:\Users\rfr_9\Desktop\IFSC\7FASE~1\PI3~1\SMARTS~2\SMARTS~1\ARDUIN~1\Debug\libArduinoCore.a(HardwareSerial.o)
                0x00003a6c                _ZN14HardwareSerial17_tx_udr_empty_irqEv
 .text._ZN14HardwareSerial5writeEh
                0x00003aae       0x8e C:\Users\rfr_9\Desktop\IFSC\7FASE~1\PI3~1\SMARTS~2\SMARTS~1\ARDUIN~1\Debug\libArduinoCore.a(HardwareSerial.o)
                0x00003aae                _ZN14HardwareSerial5writeEh
 .text._ZN14HardwareSerial5flushEv
                0x00003b3c       0x44 C:\Users\rfr_9\Desktop\IFSC\7FASE~1\PI3~1\SMARTS~2\SMARTS~1\ARDUIN~1\Debug\libArduinoCore.a(HardwareSerial.o)
                0x00003b3c                _ZN14HardwareSerial5flushEv
 .text._ZN14HardwareSerial5beginEmh
                0x00003b80       0xca C:\Users\rfr_9\Desktop\IFSC\7FASE~1\PI3~1\SMARTS~2\SMARTS~1\ARDUIN~1\Debug\libArduinoCore.a(HardwareSerial.o)
                0x00003b80                _ZN14HardwareSerial5beginEmh
 .text.__vector_18
                0x00003c4a       0x64 C:\Users\rfr_9\Desktop\IFSC\7FASE~1\PI3~1\SMARTS~2\SMARTS~1\ARDUIN~1\Debug\libArduinoCore.a(HardwareSerial0.o)
                0x00003c4a                __vector_18
 .text.__vector_19
                0x00003cae       0x4c C:\Users\rfr_9\Desktop\IFSC\7FASE~1\PI3~1\SMARTS~2\SMARTS~1\ARDUIN~1\Debug\libArduinoCore.a(HardwareSerial0.o)
                0x00003cae                __vector_19
 .text._Z17Serial0_availablev
                0x00003cfa       0x14 C:\Users\rfr_9\Desktop\IFSC\7FASE~1\PI3~1\SMARTS~2\SMARTS~1\ARDUIN~1\Debug\libArduinoCore.a(HardwareSerial0.o)
                0x00003cfa                _Z17Serial0_availablev
 .text.startup._GLOBAL__sub_I___vector_18
                0x00003d0e       0x5a C:\Users\rfr_9\Desktop\IFSC\7FASE~1\PI3~1\SMARTS~2\SMARTS~1\ARDUIN~1\Debug\libArduinoCore.a(HardwareSerial0.o)
 .text.initVariant
                0x00003d68        0x2 C:\Users\rfr_9\Desktop\IFSC\7FASE~1\PI3~1\SMARTS~2\SMARTS~1\ARDUIN~1\Debug\libArduinoCore.a(main.o)
                0x00003d68                initVariant
 .text.startup.main
                0x00003d6a       0x1e C:\Users\rfr_9\Desktop\IFSC\7FASE~1\PI3~1\SMARTS~2\SMARTS~1\ARDUIN~1\Debug\libArduinoCore.a(main.o)
                0x00003d6a                main
 .text._ZdlPv   0x00003d88        0x4 C:\Users\rfr_9\Desktop\IFSC\7FASE~1\PI3~1\SMARTS~2\SMARTS~1\ARDUIN~1\Debug\libArduinoCore.a(new.o)
                0x00003d88                _ZdlPv
 .text._ZN5Print5writeEPKhj
                0x00003d8c       0x54 C:\Users\rfr_9\Desktop\IFSC\7FASE~1\PI3~1\SMARTS~2\SMARTS~1\ARDUIN~1\Debug\libArduinoCore.a(Print.o)
                0x00003d8c                _ZN5Print5writeEPKhj
 .text._ZN5Print5writeEPKc
                0x00003de0       0x2a C:\Users\rfr_9\Desktop\IFSC\7FASE~1\PI3~1\SMARTS~2\SMARTS~1\ARDUIN~1\Debug\libArduinoCore.a(Print.o)
                0x00003de0                _ZN5Print5writeEPKc
 .text._ZN5Print5printEPKc
                0x00003e0a        0x4 C:\Users\rfr_9\Desktop\IFSC\7FASE~1\PI3~1\SMARTS~2\SMARTS~1\ARDUIN~1\Debug\libArduinoCore.a(Print.o)
                0x00003e0a                _ZN5Print5printEPKc
 .text._ZN5Print7printlnEv
                0x00003e0e        0x8 C:\Users\rfr_9\Desktop\IFSC\7FASE~1\PI3~1\SMARTS~2\SMARTS~1\ARDUIN~1\Debug\libArduinoCore.a(Print.o)
                0x00003e0e                _ZN5Print7printlnEv
 .text._ZN5Print11printNumberEmh
                0x00003e16       0x92 C:\Users\rfr_9\Desktop\IFSC\7FASE~1\PI3~1\SMARTS~2\SMARTS~1\ARDUIN~1\Debug\libArduinoCore.a(Print.o)
                0x00003e16                _ZN5Print11printNumberEmh
 .text._ZN5Print5printEmi
                0x00003ea8       0x1a C:\Users\rfr_9\Desktop\IFSC\7FASE~1\PI3~1\SMARTS~2\SMARTS~1\ARDUIN~1\Debug\libArduinoCore.a(Print.o)
                0x00003ea8                _ZN5Print5printEmi
 .text._ZN5Print5printEhi
                0x00003ec2        0xe C:\Users\rfr_9\Desktop\IFSC\7FASE~1\PI3~1\SMARTS~2\SMARTS~1\ARDUIN~1\Debug\libArduinoCore.a(Print.o)
                0x00003ec2                _ZN5Print5printEhi
 .text.__vector_16
                0x00003ed0       0x94 C:\Users\rfr_9\Desktop\IFSC\7FASE~1\PI3~1\SMARTS~2\SMARTS~1\ARDUIN~1\Debug\libArduinoCore.a(wiring.o)
                0x00003ed0                __vector_16
 .text.millis   0x00003f64       0x18 C:\Users\rfr_9\Desktop\IFSC\7FASE~1\PI3~1\SMARTS~2\SMARTS~1\ARDUIN~1\Debug\libArduinoCore.a(wiring.o)
                0x00003f64                millis
 .text.micros   0x00003f7c       0x4a C:\Users\rfr_9\Desktop\IFSC\7FASE~1\PI3~1\SMARTS~2\SMARTS~1\ARDUIN~1\Debug\libArduinoCore.a(wiring.o)
                0x00003f7c                micros
 .text.delay    0x00003fc6       0x78 C:\Users\rfr_9\Desktop\IFSC\7FASE~1\PI3~1\SMARTS~2\SMARTS~1\ARDUIN~1\Debug\libArduinoCore.a(wiring.o)
                0x00003fc6                delay
 .text.delayMicroseconds
                0x0000403e       0x16 C:\Users\rfr_9\Desktop\IFSC\7FASE~1\PI3~1\SMARTS~2\SMARTS~1\ARDUIN~1\Debug\libArduinoCore.a(wiring.o)
                0x0000403e                delayMicroseconds
 .text.init     0x00004054       0x76 C:\Users\rfr_9\Desktop\IFSC\7FASE~1\PI3~1\SMARTS~2\SMARTS~1\ARDUIN~1\Debug\libArduinoCore.a(wiring.o)
                0x00004054                init
 .text.turnOffPWM
                0x000040ca       0x52 C:\Users\rfr_9\Desktop\IFSC\7FASE~1\PI3~1\SMARTS~2\SMARTS~1\ARDUIN~1\Debug\libArduinoCore.a(wiring_digital.o)
 .text.pinMode  0x0000411c       0x78 C:\Users\rfr_9\Desktop\IFSC\7FASE~1\PI3~1\SMARTS~2\SMARTS~1\ARDUIN~1\Debug\libArduinoCore.a(wiring_digital.o)
                0x0000411c                pinMode
 .text.digitalWrite
                0x00004194       0x5e C:\Users\rfr_9\Desktop\IFSC\7FASE~1\PI3~1\SMARTS~2\SMARTS~1\ARDUIN~1\Debug\libArduinoCore.a(wiring_digital.o)
                0x00004194                digitalWrite
 .text.digitalRead
                0x000041f2       0x52 C:\Users\rfr_9\Desktop\IFSC\7FASE~1\PI3~1\SMARTS~2\SMARTS~1\ARDUIN~1\Debug\libArduinoCore.a(wiring_digital.o)
                0x000041f2                digitalRead
 .text.shiftIn  0x00004244       0x76 C:\Users\rfr_9\Desktop\IFSC\7FASE~1\PI3~1\SMARTS~2\SMARTS~1\ARDUIN~1\Debug\libArduinoCore.a(wiring_shift.o)
                0x00004244                shiftIn
 .text._ZN6StringD2Ev
                0x000042ba        0xa C:\Users\rfr_9\Desktop\IFSC\7FASE~1\PI3~1\SMARTS~2\SMARTS~1\ARDUIN~1\Debug\libArduinoCore.a(WString.o)
                0x000042ba                _ZN6StringD2Ev
                0x000042ba                _ZN6StringD1Ev
 .text._ZN6String10invalidateEv
                0x000042c4       0x24 C:\Users\rfr_9\Desktop\IFSC\7FASE~1\PI3~1\SMARTS~2\SMARTS~1\ARDUIN~1\Debug\libArduinoCore.a(WString.o)
                0x000042c4                _ZN6String10invalidateEv
 .text._ZN6String12changeBufferEj
                0x000042e8       0x34 C:\Users\rfr_9\Desktop\IFSC\7FASE~1\PI3~1\SMARTS~2\SMARTS~1\ARDUIN~1\Debug\libArduinoCore.a(WString.o)
                0x000042e8                _ZN6String12changeBufferEj
 .text._ZN6String7reserveEj
                0x0000431c       0x38 C:\Users\rfr_9\Desktop\IFSC\7FASE~1\PI3~1\SMARTS~2\SMARTS~1\ARDUIN~1\Debug\libArduinoCore.a(WString.o)
                0x0000431c                _ZN6String7reserveEj
 .text._ZN6String4copyEPKcj
                0x00004354       0x42 C:\Users\rfr_9\Desktop\IFSC\7FASE~1\PI3~1\SMARTS~2\SMARTS~1\ARDUIN~1\Debug\libArduinoCore.a(WString.o)
                0x00004354                _ZN6String4copyEPKcj
 .text._ZN6StringC2EPKc
                0x00004396       0x2a C:\Users\rfr_9\Desktop\IFSC\7FASE~1\PI3~1\SMARTS~2\SMARTS~1\ARDUIN~1\Debug\libArduinoCore.a(WString.o)
                0x00004396                _ZN6StringC2EPKc
                0x00004396                _ZN6StringC1EPKc
 .text._ZN6StringaSEPKc
                0x000043c0       0x2e C:\Users\rfr_9\Desktop\IFSC\7FASE~1\PI3~1\SMARTS~2\SMARTS~1\ARDUIN~1\Debug\libArduinoCore.a(WString.o)
                0x000043c0                _ZN6StringaSEPKc
 .text._ZN6StringC2Ehh
                0x000043ee       0x5a C:\Users\rfr_9\Desktop\IFSC\7FASE~1\PI3~1\SMARTS~2\SMARTS~1\ARDUIN~1\Debug\libArduinoCore.a(WString.o)
                0x000043ee                _ZN6StringC2Ehh
                0x000043ee                _ZN6StringC1Ehh
 .text._ZN6String6concatEPKcj
                0x00004448       0x5c C:\Users\rfr_9\Desktop\IFSC\7FASE~1\PI3~1\SMARTS~2\SMARTS~1\ARDUIN~1\Debug\libArduinoCore.a(WString.o)
                0x00004448                _ZN6String6concatEPKcj
 .text._ZN6String6concatERKS_
                0x000044a4        0xe C:\Users\rfr_9\Desktop\IFSC\7FASE~1\PI3~1\SMARTS~2\SMARTS~1\ARDUIN~1\Debug\libArduinoCore.a(WString.o)
                0x000044a4                _ZN6String6concatERKS_
 .text._ZNK6String6equalsEPKc
                0x000044b2       0x3e C:\Users\rfr_9\Desktop\IFSC\7FASE~1\PI3~1\SMARTS~2\SMARTS~1\ARDUIN~1\Debug\libArduinoCore.a(WString.o)
                0x000044b2                _ZNK6String6equalsEPKc
 .text._ZNK6String9substringEjj
                0x000044f0       0x8a C:\Users\rfr_9\Desktop\IFSC\7FASE~1\PI3~1\SMARTS~2\SMARTS~1\ARDUIN~1\Debug\libArduinoCore.a(WString.o)
                0x000044f0                _ZNK6String9substringEjj
 .text._ZN6String11toUpperCaseEv
                0x0000457a       0x24 C:\Users\rfr_9\Desktop\IFSC\7FASE~1\PI3~1\SMARTS~2\SMARTS~1\ARDUIN~1\Debug\libArduinoCore.a(WString.o)
                0x0000457a                _ZN6String11toUpperCaseEv
 .text.u8g_DrawHBitmapP
                0x0000459e       0x50 C:\Users\rfr_9\Desktop\IFSC\7FASE~1\PI3~1\SMARTS~2\SMARTS~1\ARDUIN~1\Debug\libArduinoCore.a(u8g_bitmap.o)
                0x0000459e                u8g_DrawHBitmapP
 .text.u8g_DrawBitmapP
                0x000045ee       0x6a C:\Users\rfr_9\Desktop\IFSC\7FASE~1\PI3~1\SMARTS~2\SMARTS~1\ARDUIN~1\Debug\libArduinoCore.a(u8g_bitmap.o)
                0x000045ee                u8g_DrawBitmapP
 .text.u8g_IsBBXIntersection
                0x00004658       0x44 C:\Users\rfr_9\Desktop\IFSC\7FASE~1\PI3~1\SMARTS~2\SMARTS~1\ARDUIN~1\Debug\libArduinoCore.a(u8g_clip.o)
                0x00004658                u8g_IsBBXIntersection
 .text.u8g_dev_st7920_128x64_fn
                0x0000469c       0xf6 C:\Users\rfr_9\Desktop\IFSC\7FASE~1\PI3~1\SMARTS~2\SMARTS~1\ARDUIN~1\Debug\libArduinoCore.a(u8g_dev_st7920_128x64.o)
                0x0000469c                u8g_dev_st7920_128x64_fn
 .text.u8g_font_get_word
                0x00004792       0x18 C:\Users\rfr_9\Desktop\IFSC\7FASE~1\PI3~1\SMARTS~2\SMARTS~1\ARDUIN~1\Debug\libArduinoCore.a(u8g_font.o)
 .text.u8g_font_GetFormat
                0x000047aa        0x6 C:\Users\rfr_9\Desktop\IFSC\7FASE~1\PI3~1\SMARTS~2\SMARTS~1\ARDUIN~1\Debug\libArduinoCore.a(u8g_font.o)
 .text.u8g_font_GetFontGlyphStructureSize
                0x000047b0       0x14 C:\Users\rfr_9\Desktop\IFSC\7FASE~1\PI3~1\SMARTS~2\SMARTS~1\ARDUIN~1\Debug\libArduinoCore.a(u8g_font.o)
 .text.u8g_font_calc_vref_font
                0x000047c4        0x4 C:\Users\rfr_9\Desktop\IFSC\7FASE~1\PI3~1\SMARTS~2\SMARTS~1\ARDUIN~1\Debug\libArduinoCore.a(u8g_font.o)
                0x000047c4                u8g_font_calc_vref_font
 .text.u8g_font_GetEncoding65Pos
                0x000047c8        0x6 C:\Users\rfr_9\Desktop\IFSC\7FASE~1\PI3~1\SMARTS~2\SMARTS~1\ARDUIN~1\Debug\libArduinoCore.a(u8g_font.o)
                0x000047c8                u8g_font_GetEncoding65Pos
 .text.u8g_font_GetEncoding97Pos
                0x000047ce        0x6 C:\Users\rfr_9\Desktop\IFSC\7FASE~1\PI3~1\SMARTS~2\SMARTS~1\ARDUIN~1\Debug\libArduinoCore.a(u8g_font.o)
                0x000047ce                u8g_font_GetEncoding97Pos
 .text.u8g_font_GetFontStartEncoding
                0x000047d4        0x8 C:\Users\rfr_9\Desktop\IFSC\7FASE~1\PI3~1\SMARTS~2\SMARTS~1\ARDUIN~1\Debug\libArduinoCore.a(u8g_font.o)
                0x000047d4                u8g_font_GetFontStartEncoding
 .text.u8g_font_GetFontEndEncoding
                0x000047dc        0x8 C:\Users\rfr_9\Desktop\IFSC\7FASE~1\PI3~1\SMARTS~2\SMARTS~1\ARDUIN~1\Debug\libArduinoCore.a(u8g_font.o)
                0x000047dc                u8g_font_GetFontEndEncoding
 .text.u8g_GetGlyph
                0x000047e4      0x1ac C:\Users\rfr_9\Desktop\IFSC\7FASE~1\PI3~1\SMARTS~2\SMARTS~1\ARDUIN~1\Debug\libArduinoCore.a(u8g_font.o)
                0x000047e4                u8g_GetGlyph
 .text.u8g_draw_glyph
                0x00004990       0xc0 C:\Users\rfr_9\Desktop\IFSC\7FASE~1\PI3~1\SMARTS~2\SMARTS~1\ARDUIN~1\Debug\libArduinoCore.a(u8g_font.o)
                0x00004990                u8g_draw_glyph
 .text.u8g_DrawGlyph
                0x00004a50       0x30 C:\Users\rfr_9\Desktop\IFSC\7FASE~1\PI3~1\SMARTS~2\SMARTS~1\ARDUIN~1\Debug\libArduinoCore.a(u8g_font.o)
                0x00004a50                u8g_DrawGlyph
 .text.u8g_DrawStr
                0x00004a80       0x58 C:\Users\rfr_9\Desktop\IFSC\7FASE~1\PI3~1\SMARTS~2\SMARTS~1\ARDUIN~1\Debug\libArduinoCore.a(u8g_font.o)
                0x00004a80                u8g_DrawStr
 .text.u8g_UpdateRefHeight
                0x00004ad8       0x92 C:\Users\rfr_9\Desktop\IFSC\7FASE~1\PI3~1\SMARTS~2\SMARTS~1\ARDUIN~1\Debug\libArduinoCore.a(u8g_font.o)
                0x00004ad8                u8g_UpdateRefHeight
 .text.u8g_SetFontPosBaseline
                0x00004b6a        0xc C:\Users\rfr_9\Desktop\IFSC\7FASE~1\PI3~1\SMARTS~2\SMARTS~1\ARDUIN~1\Debug\libArduinoCore.a(u8g_font.o)
                0x00004b6a                u8g_SetFontPosBaseline
 .text.u8g_SetFont
                0x00004b76       0x28 C:\Users\rfr_9\Desktop\IFSC\7FASE~1\PI3~1\SMARTS~2\SMARTS~1\ARDUIN~1\Debug\libArduinoCore.a(u8g_font.o)
                0x00004b76                u8g_SetFont
 .text.u8g_init_data
                0x00004b9e       0x56 C:\Users\rfr_9\Desktop\IFSC\7FASE~1\PI3~1\SMARTS~2\SMARTS~1\ARDUIN~1\Debug\libArduinoCore.a(u8g_ll_api.o)
 .text.u8g_call_dev_fn
                0x00004bf4        0x8 C:\Users\rfr_9\Desktop\IFSC\7FASE~1\PI3~1\SMARTS~2\SMARTS~1\ARDUIN~1\Debug\libArduinoCore.a(u8g_ll_api.o)
                0x00004bf4                u8g_call_dev_fn
 .text.u8g_InitLL
                0x00004bfc       0x40 C:\Users\rfr_9\Desktop\IFSC\7FASE~1\PI3~1\SMARTS~2\SMARTS~1\ARDUIN~1\Debug\libArduinoCore.a(u8g_ll_api.o)
                0x00004bfc                u8g_InitLL
 .text.u8g_FirstPageLL
                0x00004c3c       0x4a C:\Users\rfr_9\Desktop\IFSC\7FASE~1\PI3~1\SMARTS~2\SMARTS~1\ARDUIN~1\Debug\libArduinoCore.a(u8g_ll_api.o)
                0x00004c3c                u8g_FirstPageLL
 .text.u8g_NextPageLL
                0x00004c86       0x58 C:\Users\rfr_9\Desktop\IFSC\7FASE~1\PI3~1\SMARTS~2\SMARTS~1\ARDUIN~1\Debug\libArduinoCore.a(u8g_ll_api.o)
                0x00004c86                u8g_NextPageLL
 .text.u8g_GetWidthLL
                0x00004cde       0x20 C:\Users\rfr_9\Desktop\IFSC\7FASE~1\PI3~1\SMARTS~2\SMARTS~1\ARDUIN~1\Debug\libArduinoCore.a(u8g_ll_api.o)
                0x00004cde                u8g_GetWidthLL
 .text.u8g_GetHeightLL
                0x00004cfe       0x20 C:\Users\rfr_9\Desktop\IFSC\7FASE~1\PI3~1\SMARTS~2\SMARTS~1\ARDUIN~1\Debug\libArduinoCore.a(u8g_ll_api.o)
                0x00004cfe                u8g_GetHeightLL
 .text.u8g_GetModeLL
                0x00004d1e        0xa C:\Users\rfr_9\Desktop\IFSC\7FASE~1\PI3~1\SMARTS~2\SMARTS~1\ARDUIN~1\Debug\libArduinoCore.a(u8g_ll_api.o)
                0x00004d1e                u8g_GetModeLL
 .text.u8g_UpdateDimension
                0x00004d28       0x3e C:\Users\rfr_9\Desktop\IFSC\7FASE~1\PI3~1\SMARTS~2\SMARTS~1\ARDUIN~1\Debug\libArduinoCore.a(u8g_ll_api.o)
                0x00004d28                u8g_UpdateDimension
 .text.u8g_Begin
                0x00004d66       0x20 C:\Users\rfr_9\Desktop\IFSC\7FASE~1\PI3~1\SMARTS~2\SMARTS~1\ARDUIN~1\Debug\libArduinoCore.a(u8g_ll_api.o)
                0x00004d66                u8g_Begin
 .text.u8g_InitSPI
                0x00004d86       0x44 C:\Users\rfr_9\Desktop\IFSC\7FASE~1\PI3~1\SMARTS~2\SMARTS~1\ARDUIN~1\Debug\libArduinoCore.a(u8g_ll_api.o)
                0x00004d86                u8g_InitSPI
 .text.u8g_FirstPage
                0x00004dca        0xa C:\Users\rfr_9\Desktop\IFSC\7FASE~1\PI3~1\SMARTS~2\SMARTS~1\ARDUIN~1\Debug\libArduinoCore.a(u8g_ll_api.o)
                0x00004dca                u8g_FirstPage
 .text.u8g_NextPage
                0x00004dd4       0x1e C:\Users\rfr_9\Desktop\IFSC\7FASE~1\PI3~1\SMARTS~2\SMARTS~1\ARDUIN~1\Debug\libArduinoCore.a(u8g_ll_api.o)
                0x00004dd4                u8g_NextPage
 .text.u8g_Draw8Pixel
                0x00004df2       0x22 C:\Users\rfr_9\Desktop\IFSC\7FASE~1\PI3~1\SMARTS~2\SMARTS~1\ARDUIN~1\Debug\libArduinoCore.a(u8g_ll_api.o)
                0x00004df2                u8g_Draw8Pixel
 .text.u8g_pb8h1_set_pixel
                0x00004e14       0x5e C:\Users\rfr_9\Desktop\IFSC\7FASE~1\PI3~1\SMARTS~2\SMARTS~1\ARDUIN~1\Debug\libArduinoCore.a(u8g_pb8h1.o)
                0x00004e14                u8g_pb8h1_set_pixel
 .text.u8g_pb8h1_SetPixel
                0x00004e72       0x2c C:\Users\rfr_9\Desktop\IFSC\7FASE~1\PI3~1\SMARTS~2\SMARTS~1\ARDUIN~1\Debug\libArduinoCore.a(u8g_pb8h1.o)
                0x00004e72                u8g_pb8h1_SetPixel
 .text.u8g_pb8h1_Set8PixelOpt2
                0x00004e9e       0x68 C:\Users\rfr_9\Desktop\IFSC\7FASE~1\PI3~1\SMARTS~2\SMARTS~1\ARDUIN~1\Debug\libArduinoCore.a(u8g_pb8h1.o)
                0x00004e9e                u8g_pb8h1_Set8PixelOpt2
 .text.u8g_dev_pb8h1_base_fn
                0x00004f06       0x8e C:\Users\rfr_9\Desktop\IFSC\7FASE~1\PI3~1\SMARTS~2\SMARTS~1\ARDUIN~1\Debug\libArduinoCore.a(u8g_pb8h1.o)
                0x00004f06                u8g_dev_pb8h1_base_fn
 .text.u8g_state_dummy_cb
                0x00004f94        0x2 C:\Users\rfr_9\Desktop\IFSC\7FASE~1\PI3~1\SMARTS~2\SMARTS~1\ARDUIN~1\Debug\libArduinoCore.a(u8g_state.o)
                0x00004f94                u8g_state_dummy_cb
 .text._ZN6U8GLIB7initSPIEP10_u8g_dev_thhhhh
                0x00004f96       0x1c C:\Users\rfr_9\Desktop\IFSC\7FASE~1\PI3~1\SMARTS~2\SMARTS~1\ARDUIN~1\Debug\libArduinoCore.a(U8glib.o)
                0x00004f96                _ZN6U8GLIB7initSPIEP10_u8g_dev_thhhhh
 .text.__cxa_pure_virtual
                0x00004fb2        0x4 C:\Users\rfr_9\Desktop\IFSC\7FASE~1\PI3~1\SMARTS~2\SMARTS~1\ARDUIN~1\Debug\libArduinoCore.a(abi.o)
                0x00004fb2                __cxa_pure_virtual
 .text.u8g_InitCom
                0x00004fb6       0x12 C:\Users\rfr_9\Desktop\IFSC\7FASE~1\PI3~1\SMARTS~2\SMARTS~1\ARDUIN~1\Debug\libArduinoCore.a(u8g_com_api.o)
                0x00004fb6                u8g_InitCom
 .text.u8g_SetChipSelect
                0x00004fc8       0x12 C:\Users\rfr_9\Desktop\IFSC\7FASE~1\PI3~1\SMARTS~2\SMARTS~1\ARDUIN~1\Debug\libArduinoCore.a(u8g_com_api.o)
                0x00004fc8                u8g_SetChipSelect
 .text.u8g_SetResetLow
                0x00004fda       0x14 C:\Users\rfr_9\Desktop\IFSC\7FASE~1\PI3~1\SMARTS~2\SMARTS~1\ARDUIN~1\Debug\libArduinoCore.a(u8g_com_api.o)
                0x00004fda                u8g_SetResetLow
 .text.u8g_SetResetHigh
                0x00004fee       0x14 C:\Users\rfr_9\Desktop\IFSC\7FASE~1\PI3~1\SMARTS~2\SMARTS~1\ARDUIN~1\Debug\libArduinoCore.a(u8g_com_api.o)
                0x00004fee                u8g_SetResetHigh
 .text.u8g_SetAddress
                0x00005002       0x12 C:\Users\rfr_9\Desktop\IFSC\7FASE~1\PI3~1\SMARTS~2\SMARTS~1\ARDUIN~1\Debug\libArduinoCore.a(u8g_com_api.o)
                0x00005002                u8g_SetAddress
 .text.u8g_WriteByte
                0x00005014       0x12 C:\Users\rfr_9\Desktop\IFSC\7FASE~1\PI3~1\SMARTS~2\SMARTS~1\ARDUIN~1\Debug\libArduinoCore.a(u8g_com_api.o)
                0x00005014                u8g_WriteByte
 .text.u8g_WriteSequence
                0x00005026        0xe C:\Users\rfr_9\Desktop\IFSC\7FASE~1\PI3~1\SMARTS~2\SMARTS~1\ARDUIN~1\Debug\libArduinoCore.a(u8g_com_api.o)
                0x00005026                u8g_WriteSequence
 .text.u8g_WriteEscSeqP
                0x00005034       0xc0 C:\Users\rfr_9\Desktop\IFSC\7FASE~1\PI3~1\SMARTS~2\SMARTS~1\ARDUIN~1\Debug\libArduinoCore.a(u8g_com_api.o)
                0x00005034                u8g_WriteEscSeqP
 .text.u8g_com_arduino_init_shift_out
                0x000050f4       0x66 C:\Users\rfr_9\Desktop\IFSC\7FASE~1\PI3~1\SMARTS~2\SMARTS~1\ARDUIN~1\Debug\libArduinoCore.a(u8g_com_arduino_st7920_spi.o)
 .text.u8g_com_arduino_do_shift_out_msb_first
                0x0000515a       0x56 C:\Users\rfr_9\Desktop\IFSC\7FASE~1\PI3~1\SMARTS~2\SMARTS~1\ARDUIN~1\Debug\libArduinoCore.a(u8g_com_arduino_st7920_spi.o)
 .text.u8g_com_arduino_st7920_write_byte
                0x000051b0       0x3a C:\Users\rfr_9\Desktop\IFSC\7FASE~1\PI3~1\SMARTS~2\SMARTS~1\ARDUIN~1\Debug\libArduinoCore.a(u8g_com_arduino_st7920_spi.o)
 .text.u8g_com_arduino_st7920_spi_fn
                0x000051ea      0x104 C:\Users\rfr_9\Desktop\IFSC\7FASE~1\PI3~1\SMARTS~2\SMARTS~1\ARDUIN~1\Debug\libArduinoCore.a(u8g_com_arduino_st7920_spi.o)
                0x000051ea                u8g_com_arduino_st7920_spi_fn
 .text.u8g_Delay
                0x000052ee       0x14 C:\Users\rfr_9\Desktop\IFSC\7FASE~1\PI3~1\SMARTS~2\SMARTS~1\ARDUIN~1\Debug\libArduinoCore.a(u8g_delay.o)
                0x000052ee                u8g_Delay
 .text.u8g_10MicroDelay
                0x00005302        0xa C:\Users\rfr_9\Desktop\IFSC\7FASE~1\PI3~1\SMARTS~2\SMARTS~1\ARDUIN~1\Debug\libArduinoCore.a(u8g_delay.o)
                0x00005302                u8g_10MicroDelay
 .text.u8g_page_First
                0x0000530c        0xe C:\Users\rfr_9\Desktop\IFSC\7FASE~1\PI3~1\SMARTS~2\SMARTS~1\ARDUIN~1\Debug\libArduinoCore.a(u8g_page.o)
                0x0000530c                u8g_page_First
 .text.u8g_page_Next
                0x0000531a       0x2c C:\Users\rfr_9\Desktop\IFSC\7FASE~1\PI3~1\SMARTS~2\SMARTS~1\ARDUIN~1\Debug\libArduinoCore.a(u8g_page.o)
                0x0000531a                u8g_page_Next
 .text.u8g_pb_Clear
                0x00005346       0x20 C:\Users\rfr_9\Desktop\IFSC\7FASE~1\PI3~1\SMARTS~2\SMARTS~1\ARDUIN~1\Debug\libArduinoCore.a(u8g_pb.o)
                0x00005346                u8g_pb_Clear
 .text.u8g_pb_IsYIntersection
                0x00005366       0x2e C:\Users\rfr_9\Desktop\IFSC\7FASE~1\PI3~1\SMARTS~2\SMARTS~1\ARDUIN~1\Debug\libArduinoCore.a(u8g_pb.o)
                0x00005366                u8g_pb_IsYIntersection
 .text.u8g_pb_GetPageBox
                0x00005394       0x20 C:\Users\rfr_9\Desktop\IFSC\7FASE~1\PI3~1\SMARTS~2\SMARTS~1\ARDUIN~1\Debug\libArduinoCore.a(u8g_pb.o)
                0x00005394                u8g_pb_GetPageBox
 .text.u8g_pb_Is8PixelVisible
                0x000053b4       0x20 C:\Users\rfr_9\Desktop\IFSC\7FASE~1\PI3~1\SMARTS~2\SMARTS~1\ARDUIN~1\Debug\libArduinoCore.a(u8g_pb.o)
                0x000053b4                u8g_pb_Is8PixelVisible
 .text.u8g_com_arduino_digital_write
                0x000053d4       0x14 C:\Users\rfr_9\Desktop\IFSC\7FASE~1\PI3~1\SMARTS~2\SMARTS~1\ARDUIN~1\Debug\libArduinoCore.a(u8g_com_arduino_common.o)
                0x000053d4                u8g_com_arduino_digital_write
 .text.u8g_com_arduino_assign_pin_output_high
                0x000053e8       0x36 C:\Users\rfr_9\Desktop\IFSC\7FASE~1\PI3~1\SMARTS~2\SMARTS~1\ARDUIN~1\Debug\libArduinoCore.a(u8g_com_arduino_common.o)
                0x000053e8                u8g_com_arduino_assign_pin_output_high
 .text.libgcc.div
                0x0000541e       0x44 c:/program files (x86)/atmel/studio/7.0/toolchain/avr8/avr8-gnu-toolchain/bin/../lib/gcc/avr/5.4.0/avr5\libgcc.a(_udivmodsi4.o)
                0x0000541e                __udivmodsi4
 .text.libgcc.div
                0x00005462       0x2e c:/program files (x86)/atmel/studio/7.0/toolchain/avr8/avr8-gnu-toolchain/bin/../lib/gcc/avr/5.4.0/avr5\libgcc.a(_divmodsi4.o)
                0x00005462                __divmodsi4
 .text.libgcc.div
                0x00005490       0x10 c:/program files (x86)/atmel/studio/7.0/toolchain/avr8/avr8-gnu-toolchain/bin/../lib/gcc/avr/5.4.0/avr5\libgcc.a(_negsi2.o)
                0x00005490                __negsi2
 .text.libgcc   0x000054a0        0xc c:/program files (x86)/atmel/studio/7.0/toolchain/avr8/avr8-gnu-toolchain/bin/../lib/gcc/avr/5.4.0/avr5\libgcc.a(_tablejump2.o)
                0x000054a0                __tablejump2__
 .text.avr-libc
                0x000054ac      0x242 c:/program files (x86)/atmel/studio/7.0/toolchain/avr8/avr8-gnu-toolchain/bin/../lib/gcc/avr/5.4.0/../../../../avr/lib/avr5\libc.a(malloc.o)
                0x000054ac                malloc
                0x000055dc                free
 .text.avr-libc
                0x000056ee      0x18c c:/program files (x86)/atmel/studio/7.0/toolchain/avr8/avr8-gnu-toolchain/bin/../lib/gcc/avr/5.4.0/../../../../avr/lib/avr5\libc.a(realloc.o)
                0x000056ee                realloc
 .text.avr-libc
                0x0000587a        0xa c:/program files (x86)/atmel/studio/7.0/toolchain/avr8/avr8-gnu-toolchain/bin/../lib/gcc/avr/5.4.0/../../../../avr/lib/avr5\libc.a(abort.o)
                0x0000587a                abort
 .text.avr-libc
                0x00005884       0x10 c:/program files (x86)/atmel/studio/7.0/toolchain/avr8/avr8-gnu-toolchain/bin/../lib/gcc/avr/5.4.0/../../../../avr/lib/avr5\libc.a(toupper.o)
                0x00005884                toupper
 .text.avr-libc
                0x00005894       0x12 c:/program files (x86)/atmel/studio/7.0/toolchain/avr8/avr8-gnu-toolchain/bin/../lib/gcc/avr/5.4.0/../../../../avr/lib/avr5\libc.a(memcpy.o)
                0x00005894                memcpy
 .text.avr-libc
                0x000058a6       0x12 c:/program files (x86)/atmel/studio/7.0/toolchain/avr8/avr8-gnu-toolchain/bin/../lib/gcc/avr/5.4.0/../../../../avr/lib/avr5\libc.a(strcmp.o)
                0x000058a6                strcmp
 .text.avr-libc
                0x000058b8        0xe c:/program files (x86)/atmel/studio/7.0/toolchain/avr8/avr8-gnu-toolchain/bin/../lib/gcc/avr/5.4.0/../../../../avr/lib/avr5\libc.a(strcpy.o)
                0x000058b8                strcpy
 .text.avr-libc
                0x000058c6       0x1e c:/program files (x86)/atmel/studio/7.0/toolchain/avr8/avr8-gnu-toolchain/bin/../lib/gcc/avr/5.4.0/../../../../avr/lib/avr5\libc.a(strncpy.o)
                0x000058c6                strncpy
 .text.avr-libc
                0x000058e4       0x16 c:/program files (x86)/atmel/studio/7.0/toolchain/avr8/avr8-gnu-toolchain/bin/../lib/gcc/avr/5.4.0/../../../../avr/lib/avr5\libc.a(utoa.o)
                0x000058e4                __utoa
                0x000058e4                utoa
 .text.avr-libc
                0x000058fa       0x34 c:/program files (x86)/atmel/studio/7.0/toolchain/avr8/avr8-gnu-toolchain/bin/../lib/gcc/avr/5.4.0/../../../../avr/lib/avr5\libc.a(utoa_ncheck.o)
                0x000058fa                __utoa_ncheck
                0x000058fc                __utoa_common
 .text.avr-libc
                0x0000592e       0x44 c:/program files (x86)/atmel/studio/7.0/toolchain/avr8/avr8-gnu-toolchain/bin/../lib/gcc/avr/5.4.0/../../../../avr/lib/avr5\libc.a(sprintf.o)
                0x0000592e                sprintf
 .text.avr-libc
                0x00005972      0x3c2 c:/program files (x86)/atmel/studio/7.0/toolchain/avr8/avr8-gnu-toolchain/bin/../lib/gcc/avr/5.4.0/../../../../avr/lib/avr5\libc.a(vfprintf_std.o)
                0x00005972                vfprintf
 .text.avr-libc
                0x00005d34       0x16 c:/program files (x86)/atmel/studio/7.0/toolchain/avr8/avr8-gnu-toolchain/bin/../lib/gcc/avr/5.4.0/../../../../avr/lib/avr5\libc.a(strnlen_P.o)
                0x00005d34                strnlen_P
 .text.avr-libc
                0x00005d4a       0x16 c:/program files (x86)/atmel/studio/7.0/toolchain/avr8/avr8-gnu-toolchain/bin/../lib/gcc/avr/5.4.0/../../../../avr/lib/avr5\libc.a(strnlen.o)
                0x00005d4a                strnlen
 .text.avr-libc
                0x00005d60       0x20 c:/program files (x86)/atmel/studio/7.0/toolchain/avr8/avr8-gnu-toolchain/bin/../lib/gcc/avr/5.4.0/../../../../avr/lib/avr5\libc.a(strrev.o)
                0x00005d60                strrev
 .text.avr-libc
                0x00005d80       0x78 c:/program files (x86)/atmel/studio/7.0/toolchain/avr8/avr8-gnu-toolchain/bin/../lib/gcc/avr/5.4.0/../../../../avr/lib/avr5\libc.a(fputc.o)
                0x00005d80                fputc
 .text.avr-libc
                0x00005df8       0xbc c:/program files (x86)/atmel/studio/7.0/toolchain/avr8/avr8-gnu-toolchain/bin/../lib/gcc/avr/5.4.0/../../../../avr/lib/avr5\libc.a(ultoa_invert.o)
                0x00005df8                __ultoa_invert
 .text.libgcc.prologue
                0x00005eb4       0x38 c:/program files (x86)/atmel/studio/7.0/toolchain/avr8/avr8-gnu-toolchain/bin/../lib/gcc/avr/5.4.0/avr5\libgcc.a(_prologue.o)
                0x00005eb4                __prologue_saves__
 .text.libgcc.prologue
                0x00005eec       0x36 c:/program files (x86)/atmel/studio/7.0/toolchain/avr8/avr8-gnu-toolchain/bin/../lib/gcc/avr/5.4.0/avr5\libgcc.a(_epilogue.o)
                0x00005eec                __epilogue_restores__
                0x00005f22                . = ALIGN (0x2)
 *(.fini9)
 .fini9         0x00005f22        0x0 c:/program files (x86)/atmel/studio/7.0/toolchain/avr8/avr8-gnu-toolchain/bin/../lib/gcc/avr/5.4.0/avr5\libgcc.a(_exit.o)
                0x00005f22                _exit
                0x00005f22                exit
 *(.fini9)
 *(.fini8)
 *(.fini8)
 *(.fini7)
 *(.fini7)
 *(.fini6)
 .fini6         0x00005f22       0x16 c:/program files (x86)/atmel/studio/7.0/toolchain/avr8/avr8-gnu-toolchain/bin/../lib/gcc/avr/5.4.0/avr5\libgcc.a(_dtors.o)
                0x00005f22                __do_global_dtors
 *(.fini6)
 *(.fini5)
 *(.fini5)
 *(.fini4)
 *(.fini4)
 *(.fini3)
 *(.fini3)
 *(.fini2)
 *(.fini2)
 *(.fini1)
 *(.fini1)
 *(.fini0)
 .fini0         0x00005f38        0x4 c:/program files (x86)/atmel/studio/7.0/toolchain/avr8/avr8-gnu-toolchain/bin/../lib/gcc/avr/5.4.0/avr5\libgcc.a(_exit.o)
 *(.fini0)
                0x00005f3c                _etext = .

.data           0x00800100      0x30a load address 0x00005f3c
                0x00800100                PROVIDE (__data_start, .)
 *(.data)
 .data          0x00800100        0x6 c:/program files (x86)/atmel/studio/7.0/toolchain/avr8/avr8-gnu-toolchain/bin/../lib/gcc/avr/5.4.0/../../../../avr/lib/avr5\libc.a(malloc.o)
                0x00800100                __malloc_heap_end
                0x00800102                __malloc_heap_start
                0x00800104                __malloc_margin
 *(.data*)
 .data.colPins  0x00800106        0x4 main.o
                0x00800106                colPins
 .data.rowPins  0x0080010a        0x4 main.o
                0x0080010a                rowPins
 .data.hexaKeys
                0x0080010e       0x10 main.o
                0x0080010e                hexaKeys
 .data.user_atual
                0x0080011e        0x2 main.o
                0x0080011e                user_atual
 .data.tela     0x00800120        0x2 main.o
                0x00800120                tela
 .data.u8g_dev_st7920_128x64_sw_spi
                0x00800122        0x6 C:\Users\rfr_9\Desktop\IFSC\7FASE~1\PI3~1\SMARTS~2\SMARTS~1\ARDUIN~1\Debug\libArduinoCore.a(u8g_dev_st7920_128x64.o)
                0x00800122                u8g_dev_st7920_128x64_sw_spi
 .data.u8g_dev_st7920_128x64_sw_spi_pb
                0x00800128        0x8 C:\Users\rfr_9\Desktop\IFSC\7FASE~1\PI3~1\SMARTS~2\SMARTS~1\ARDUIN~1\Debug\libArduinoCore.a(u8g_dev_st7920_128x64.o)
                0x00800128                u8g_dev_st7920_128x64_sw_spi_pb
 *(.gnu.linkonce.d*)
 *(.rodata)
 .rodata        0x00800130       0x24 user.o
 *(.rodata*)
 .rodata.str1.1
                0x00800154       0xb9 celula.o
                                 0xc1 (size before relaxing)
 .rodata.str1.1
                0x0080020d       0x7c gestao.o
 .rodata._ZTV5HX711
                0x00800289        0x8 HX711.o
                0x00800289                _ZTV5HX711
 .rodata._ZTV6Keypad
                0x00800291        0xa keypad/Keypad.o
                0x00800291                _ZTV6Keypad
 .rodata.str1.1
                0x0080029b       0x2e main.o
 .rodata._ZTV6U8GLIB
                0x008002c9        0xc main.o
                0x008002c9                _ZTV6U8GLIB
 .rodata._ZTV23U8GLIB_ST7920_128X64_1X
                0x008002d5        0xc main.o
                0x008002d5                _ZTV23U8GLIB_ST7920_128X64_1X
 .rodata.str1.1
                0x008002e1       0x8a menu.o
                                 0x8d (size before relaxing)
 .rodata._ZTV7MFRC522
                0x0080036b        0xa RFID/MFRC522.o
                0x0080036b                _ZTV7MFRC522
 .rodata.str1.1
                0x00800375       0x37 telas.o
                                 0x39 (size before relaxing)
 .rodata.str1.1
                0x008003ac       0x30 user.o
                                 0x37 (size before relaxing)
 .rodata._ZTV14HardwareSerial
                0x008003dc       0x12 C:\Users\rfr_9\Desktop\IFSC\7FASE~1\PI3~1\SMARTS~2\SMARTS~1\ARDUIN~1\Debug\libArduinoCore.a(HardwareSerial.o)
                0x008003dc                _ZTV14HardwareSerial
 .rodata.str1.1
                0x008003ee        0xf C:\Users\rfr_9\Desktop\IFSC\7FASE~1\PI3~1\SMARTS~2\SMARTS~1\ARDUIN~1\Debug\libArduinoCore.a(Print.o)
 .rodata._ZTV5Print
                0x008003fd        0xc C:\Users\rfr_9\Desktop\IFSC\7FASE~1\PI3~1\SMARTS~2\SMARTS~1\ARDUIN~1\Debug\libArduinoCore.a(Print.o)
                0x008003fd                _ZTV5Print
 .rodata.str1.1
                0x00800409        0x1 C:\Users\rfr_9\Desktop\IFSC\7FASE~1\PI3~1\SMARTS~2\SMARTS~1\ARDUIN~1\Debug\libArduinoCore.a(WString.o)
 *(.gnu.linkonce.r*)
                0x0080040a                . = ALIGN (0x2)
 *fill*         0x00800409        0x1 
                0x0080040a                _edata = .
                0x0080040a                PROVIDE (__data_end, .)

.bss            0x0080040a      0x227
                0x0080040a                PROVIDE (__bss_start, .)
 *(.bss)
 *(.bss*)
 .bss._ZZ20balanca_update_equipPP5equipiPciE11peso_antigo
                0x0080040a        0x2 celula.o
 .bss._ZZ13balanca_checkvE10peso_atual
                0x0080040c        0x4 celula.o
 .bss._ZZ13balanca_checkvE15peso_anterior_3
                0x00800410        0x4 celula.o
 .bss._ZZ13balanca_checkvE15peso_anterior_2
                0x00800414        0x4 celula.o
 .bss._ZZ13balanca_checkvE15peso_anterior_1
                0x00800418        0x4 celula.o
 .bss._ZZ13balanca_checkvE4cont
                0x0080041c        0x2 celula.o
 .bss.balanca   0x0080041e        0xd celula.o
                0x0080041e                balanca
 .bss.customKeypad
                0x0080042b       0x64 main.o
                0x0080042b                customKeypad
 .bss.u8g       0x0080048f       0x3e main.o
                0x0080048f                u8g
 .bss.mfrc522   0x008004cd       0x10 main.o
                0x008004cd                mfrc522
 .bss.peso_atual
                0x008004dd        0x2 main.o
                0x008004dd                peso_atual
 .bss.password  0x008004df        0xc main.o
                0x008004df                password
 .bss.qty_equips
                0x008004eb        0x2 main.o
                0x008004eb                qty_equips
 .bss.qty_users
                0x008004ed        0x2 main.o
                0x008004ed                qty_users
 .bss.vet_equips
                0x008004ef        0x2 main.o
                0x008004ef                vet_equips
 .bss.vet_users
                0x008004f1        0x2 main.o
                0x008004f1                vet_users
 .bss.keypad_input
                0x008004f3        0x2 main.o
                0x008004f3                keypad_input
 .bss._ZZ16password_refreshcPiE6indice
                0x008004f5        0x2 menu.o
 .bss._ZN8SPIClass13interruptSaveE
                0x008004f7        0x1 RFID/SPI.o
                0x008004f7                _ZN8SPIClass13interruptSaveE
 .bss._ZN8SPIClass13interruptMaskE
                0x008004f8        0x1 RFID/SPI.o
                0x008004f8                _ZN8SPIClass13interruptMaskE
 .bss._ZN8SPIClass13interruptModeE
                0x008004f9        0x1 RFID/SPI.o
                0x008004f9                _ZN8SPIClass13interruptModeE
 .bss._ZN8SPIClass11initializedE
                0x008004fa        0x1 RFID/SPI.o
                0x008004fa                _ZN8SPIClass11initializedE
 .bss._ZZ9u8g_Tela123U8GLIB_ST7920_128X64_1XcE14index_asterisk
                0x008004fb        0x2 telas.o
 .bss._ZZ9u8g_Tela123U8GLIB_ST7920_128X64_1XcE16old_keypad_input
                0x008004fd        0x1 telas.o
 .bss.Serial    0x008004fe       0x9d C:\Users\rfr_9\Desktop\IFSC\7FASE~1\PI3~1\SMARTS~2\SMARTS~1\ARDUIN~1\Debug\libArduinoCore.a(HardwareSerial0.o)
                0x008004fe                Serial
 .bss.timer0_fract
                0x0080059b        0x1 C:\Users\rfr_9\Desktop\IFSC\7FASE~1\PI3~1\SMARTS~2\SMARTS~1\ARDUIN~1\Debug\libArduinoCore.a(wiring.o)
 .bss.timer0_millis
                0x0080059c        0x4 C:\Users\rfr_9\Desktop\IFSC\7FASE~1\PI3~1\SMARTS~2\SMARTS~1\ARDUIN~1\Debug\libArduinoCore.a(wiring.o)
                0x0080059c                timer0_millis
 .bss.timer0_overflow_count
                0x008005a0        0x4 C:\Users\rfr_9\Desktop\IFSC\7FASE~1\PI3~1\SMARTS~2\SMARTS~1\ARDUIN~1\Debug\libArduinoCore.a(wiring.o)
                0x008005a0                timer0_overflow_count
 .bss.u8g_dev_st7920_128x64_sw_spi_buf
                0x008005a4       0x80 C:\Users\rfr_9\Desktop\IFSC\7FASE~1\PI3~1\SMARTS~2\SMARTS~1\ARDUIN~1\Debug\libArduinoCore.a(u8g_dev_st7920_128x64.o)
                0x008005a4                u8g_dev_st7920_128x64_sw_spi_buf
 .bss.u8g_outClock
                0x00800624        0x2 C:\Users\rfr_9\Desktop\IFSC\7FASE~1\PI3~1\SMARTS~2\SMARTS~1\ARDUIN~1\Debug\libArduinoCore.a(u8g_com_arduino_st7920_spi.o)
 .bss.u8g_outData
                0x00800626        0x2 C:\Users\rfr_9\Desktop\IFSC\7FASE~1\PI3~1\SMARTS~2\SMARTS~1\ARDUIN~1\Debug\libArduinoCore.a(u8g_com_arduino_st7920_spi.o)
 .bss.u8g_bitNotClock
                0x00800628        0x1 C:\Users\rfr_9\Desktop\IFSC\7FASE~1\PI3~1\SMARTS~2\SMARTS~1\ARDUIN~1\Debug\libArduinoCore.a(u8g_com_arduino_st7920_spi.o)
 .bss.u8g_bitClock
                0x00800629        0x1 C:\Users\rfr_9\Desktop\IFSC\7FASE~1\PI3~1\SMARTS~2\SMARTS~1\ARDUIN~1\Debug\libArduinoCore.a(u8g_com_arduino_st7920_spi.o)
 .bss.u8g_bitNotData
                0x0080062a        0x1 C:\Users\rfr_9\Desktop\IFSC\7FASE~1\PI3~1\SMARTS~2\SMARTS~1\ARDUIN~1\Debug\libArduinoCore.a(u8g_com_arduino_st7920_spi.o)
 .bss.u8g_bitData
                0x0080062b        0x1 C:\Users\rfr_9\Desktop\IFSC\7FASE~1\PI3~1\SMARTS~2\SMARTS~1\ARDUIN~1\Debug\libArduinoCore.a(u8g_com_arduino_st7920_spi.o)
 *(COMMON)
 COMMON         0x0080062c        0x1 C:\Users\rfr_9\Desktop\IFSC\7FASE~1\PI3~1\SMARTS~2\SMARTS~1\ARDUIN~1\Debug\libArduinoCore.a(u8g_state.o)
                0x0080062c                global_SREG_backup
 COMMON         0x0080062d        0x4 c:/program files (x86)/atmel/studio/7.0/toolchain/avr8/avr8-gnu-toolchain/bin/../lib/gcc/avr/5.4.0/../../../../avr/lib/avr5\libc.a(malloc.o)
                0x0080062d                __brkval
                0x0080062f                __flp
                0x00800631                PROVIDE (__bss_end, .)
                0x00005f3c                __data_load_start = LOADADDR (.data)
                0x00006246                __data_load_end = (__data_load_start + SIZEOF (.data))

.noinit         0x00800631        0x0
                [!provide]                PROVIDE (__noinit_start, .)
 *(.noinit*)
                [!provide]                PROVIDE (__noinit_end, .)
                0x00800631                _end = .
                0x00800631                PROVIDE (__heap_start, .)

.eeprom         0x00810000        0x0
 *(.eeprom*)
                0x00810000                __eeprom_end = .

.fuse
 *(.fuse)
 *(.lfuse)
 *(.hfuse)
 *(.efuse)

.lock
 *(.lock*)

.signature
 *(.signature*)

.user_signatures
 *(.user_signatures*)

.stab
 *(.stab)

.stabstr
 *(.stabstr)

.stab.excl
 *(.stab.excl)

.stab.exclstr
 *(.stab.exclstr)

.stab.index
 *(.stab.index)

.stab.indexstr
 *(.stab.indexstr)

.comment        0x00000000       0x5c
 *(.comment)
 .comment       0x00000000       0x30 celula.o
                                 0x31 (size before relaxing)
 .comment       0x00000030       0x31 gestao.o
 .comment       0x00000030       0x31 HX711.o
 .comment       0x00000030       0x31 keypad/Key.o
 .comment       0x00000030       0x31 keypad/Keypad.o
 .comment       0x00000030       0x31 main.o
 .comment       0x00000030       0x31 menu.o
 .comment       0x00000030       0x31 RFID/MFRC522.o
 .comment       0x00000030       0x31 RFID/SPI.o
 .comment       0x00000030       0x31 telas.o
 .comment       0x00000030       0x31 user.o
 .comment       0x00000030       0x31 C:\Users\rfr_9\Desktop\IFSC\7FASE~1\PI3~1\SMARTS~2\SMARTS~1\ARDUIN~1\Debug\libArduinoCore.a(HardwareSerial.o)
 .comment       0x00000030       0x31 C:\Users\rfr_9\Desktop\IFSC\7FASE~1\PI3~1\SMARTS~2\SMARTS~1\ARDUIN~1\Debug\libArduinoCore.a(HardwareSerial0.o)
 .comment       0x00000030       0x31 C:\Users\rfr_9\Desktop\IFSC\7FASE~1\PI3~1\SMARTS~2\SMARTS~1\ARDUIN~1\Debug\libArduinoCore.a(main.o)
 .comment       0x00000030       0x31 C:\Users\rfr_9\Desktop\IFSC\7FASE~1\PI3~1\SMARTS~2\SMARTS~1\ARDUIN~1\Debug\libArduinoCore.a(new.o)
 .comment       0x00000030       0x31 C:\Users\rfr_9\Desktop\IFSC\7FASE~1\PI3~1\SMARTS~2\SMARTS~1\ARDUIN~1\Debug\libArduinoCore.a(Print.o)
 .comment       0x00000030       0x31 C:\Users\rfr_9\Desktop\IFSC\7FASE~1\PI3~1\SMARTS~2\SMARTS~1\ARDUIN~1\Debug\libArduinoCore.a(wiring.o)
 .comment       0x00000030       0x31 C:\Users\rfr_9\Desktop\IFSC\7FASE~1\PI3~1\SMARTS~2\SMARTS~1\ARDUIN~1\Debug\libArduinoCore.a(wiring_digital.o)
 .comment       0x00000030       0x31 C:\Users\rfr_9\Desktop\IFSC\7FASE~1\PI3~1\SMARTS~2\SMARTS~1\ARDUIN~1\Debug\libArduinoCore.a(wiring_shift.o)
 .comment       0x00000030       0x31 C:\Users\rfr_9\Desktop\IFSC\7FASE~1\PI3~1\SMARTS~2\SMARTS~1\ARDUIN~1\Debug\libArduinoCore.a(WString.o)
 .comment       0x00000030       0x31 C:\Users\rfr_9\Desktop\IFSC\7FASE~1\PI3~1\SMARTS~2\SMARTS~1\ARDUIN~1\Debug\libArduinoCore.a(u8g_bitmap.o)
 .comment       0x00000030       0x31 C:\Users\rfr_9\Desktop\IFSC\7FASE~1\PI3~1\SMARTS~2\SMARTS~1\ARDUIN~1\Debug\libArduinoCore.a(u8g_clip.o)
 .comment       0x00000030       0x31 C:\Users\rfr_9\Desktop\IFSC\7FASE~1\PI3~1\SMARTS~2\SMARTS~1\ARDUIN~1\Debug\libArduinoCore.a(u8g_dev_st7920_128x64.o)
 .comment       0x00000030       0x31 C:\Users\rfr_9\Desktop\IFSC\7FASE~1\PI3~1\SMARTS~2\SMARTS~1\ARDUIN~1\Debug\libArduinoCore.a(u8g_font.o)
 .comment       0x00000030       0x31 C:\Users\rfr_9\Desktop\IFSC\7FASE~1\PI3~1\SMARTS~2\SMARTS~1\ARDUIN~1\Debug\libArduinoCore.a(u8g_font_data.o)
 .comment       0x00000030       0x31 C:\Users\rfr_9\Desktop\IFSC\7FASE~1\PI3~1\SMARTS~2\SMARTS~1\ARDUIN~1\Debug\libArduinoCore.a(u8g_ll_api.o)
 .comment       0x00000030       0x31 C:\Users\rfr_9\Desktop\IFSC\7FASE~1\PI3~1\SMARTS~2\SMARTS~1\ARDUIN~1\Debug\libArduinoCore.a(u8g_pb8h1.o)
 .comment       0x00000030       0x31 C:\Users\rfr_9\Desktop\IFSC\7FASE~1\PI3~1\SMARTS~2\SMARTS~1\ARDUIN~1\Debug\libArduinoCore.a(u8g_state.o)
 .comment       0x00000030       0x31 C:\Users\rfr_9\Desktop\IFSC\7FASE~1\PI3~1\SMARTS~2\SMARTS~1\ARDUIN~1\Debug\libArduinoCore.a(U8glib.o)
 .comment       0x00000030       0x31 C:\Users\rfr_9\Desktop\IFSC\7FASE~1\PI3~1\SMARTS~2\SMARTS~1\ARDUIN~1\Debug\libArduinoCore.a(abi.o)
 .comment       0x00000030       0x31 C:\Users\rfr_9\Desktop\IFSC\7FASE~1\PI3~1\SMARTS~2\SMARTS~1\ARDUIN~1\Debug\libArduinoCore.a(u8g_com_api.o)
 .comment       0x00000030       0x31 C:\Users\rfr_9\Desktop\IFSC\7FASE~1\PI3~1\SMARTS~2\SMARTS~1\ARDUIN~1\Debug\libArduinoCore.a(u8g_com_arduino_st7920_spi.o)
 .comment       0x00000030       0x31 C:\Users\rfr_9\Desktop\IFSC\7FASE~1\PI3~1\SMARTS~2\SMARTS~1\ARDUIN~1\Debug\libArduinoCore.a(u8g_delay.o)
 .comment       0x00000030       0x31 C:\Users\rfr_9\Desktop\IFSC\7FASE~1\PI3~1\SMARTS~2\SMARTS~1\ARDUIN~1\Debug\libArduinoCore.a(u8g_page.o)
 .comment       0x00000030       0x31 C:\Users\rfr_9\Desktop\IFSC\7FASE~1\PI3~1\SMARTS~2\SMARTS~1\ARDUIN~1\Debug\libArduinoCore.a(u8g_pb.o)
 .comment       0x00000030       0x31 C:\Users\rfr_9\Desktop\IFSC\7FASE~1\PI3~1\SMARTS~2\SMARTS~1\ARDUIN~1\Debug\libArduinoCore.a(u8g_com_arduino_common.o)
 .comment       0x00000030       0x31 c:/program files (x86)/atmel/studio/7.0/toolchain/avr8/avr8-gnu-toolchain/bin/../lib/gcc/avr/5.4.0/../../../../avr/lib/avr5\libc.a(malloc.o)
 .comment       0x00000030       0x31 c:/program files (x86)/atmel/studio/7.0/toolchain/avr8/avr8-gnu-toolchain/bin/../lib/gcc/avr/5.4.0/../../../../avr/lib/avr5\libc.a(realloc.o)
 .comment       0x00000030       0x31 c:/program files (x86)/atmel/studio/7.0/toolchain/avr8/avr8-gnu-toolchain/bin/../lib/gcc/avr/5.4.0/../../../../avr/lib/avr5\libc.a(sprintf.o)
 .comment       0x00000030       0x2c c:/program files (x86)/atmel/studio/7.0/toolchain/avr8/avr8-gnu-toolchain/bin/../lib/gcc/avr/5.4.0/../../../../avr/lib/avr5\libc.a(vfprintf_std.o)
                                 0x2d (size before relaxing)
 .comment       0x0000005c       0x31 c:/program files (x86)/atmel/studio/7.0/toolchain/avr8/avr8-gnu-toolchain/bin/../lib/gcc/avr/5.4.0/../../../../avr/lib/avr5\libc.a(fputc.o)

.note.gnu.avr.deviceinfo
                0x00000000       0x40
 .note.gnu.avr.deviceinfo
                0x00000000       0x40 C:/Program Files (x86)/Atmel/Studio/7.0/Packs/atmel/ATmega_DFP/1.2.150/gcc/dev/atmega328p/avr5/crtatmega328p.o

.note.gnu.build-id
 *(.note.gnu.build-id)

.debug
 *(.debug)

.line
 *(.line)

.debug_srcinfo
 *(.debug_srcinfo)

.debug_sfnames
 *(.debug_sfnames)

.debug_aranges  0x00000000     0x1220
 *(.debug_aranges)
 .debug_aranges
                0x00000000       0x48 celula.o
 .debug_aranges
                0x00000048       0x48 gestao.o
 .debug_aranges
                0x00000090       0xb0 HX711.o
 .debug_aranges
                0x00000140       0x30 keypad/Key.o
 .debug_aranges
                0x00000170       0xc0 keypad/Keypad.o
 .debug_aranges
                0x00000230       0x48 main.o
 .debug_aranges
                0x00000278       0x30 menu.o
 .debug_aranges
                0x000002a8      0x208 RFID/MFRC522.o
 .debug_aranges
                0x000004b0       0x38 RFID/SPI.o
 .debug_aranges
                0x000004e8       0x98 telas.o
 .debug_aranges
                0x00000580       0x70 user.o
 .debug_aranges
                0x000005f0       0x68 C:\Users\rfr_9\Desktop\IFSC\7FASE~1\PI3~1\SMARTS~2\SMARTS~1\ARDUIN~1\Debug\libArduinoCore.a(HardwareSerial.o)
 .debug_aranges
                0x00000658       0x48 C:\Users\rfr_9\Desktop\IFSC\7FASE~1\PI3~1\SMARTS~2\SMARTS~1\ARDUIN~1\Debug\libArduinoCore.a(HardwareSerial0.o)
 .debug_aranges
                0x000006a0       0x30 C:\Users\rfr_9\Desktop\IFSC\7FASE~1\PI3~1\SMARTS~2\SMARTS~1\ARDUIN~1\Debug\libArduinoCore.a(main.o)
 .debug_aranges
                0x000006d0       0x28 C:\Users\rfr_9\Desktop\IFSC\7FASE~1\PI3~1\SMARTS~2\SMARTS~1\ARDUIN~1\Debug\libArduinoCore.a(new.o)
 .debug_aranges
                0x000006f8      0x100 C:\Users\rfr_9\Desktop\IFSC\7FASE~1\PI3~1\SMARTS~2\SMARTS~1\ARDUIN~1\Debug\libArduinoCore.a(Print.o)
 .debug_aranges
                0x000007f8       0x48 C:\Users\rfr_9\Desktop\IFSC\7FASE~1\PI3~1\SMARTS~2\SMARTS~1\ARDUIN~1\Debug\libArduinoCore.a(wiring.o)
 .debug_aranges
                0x00000840       0x38 C:\Users\rfr_9\Desktop\IFSC\7FASE~1\PI3~1\SMARTS~2\SMARTS~1\ARDUIN~1\Debug\libArduinoCore.a(wiring_digital.o)
 .debug_aranges
                0x00000878       0x28 C:\Users\rfr_9\Desktop\IFSC\7FASE~1\PI3~1\SMARTS~2\SMARTS~1\ARDUIN~1\Debug\libArduinoCore.a(wiring_shift.o)
 .debug_aranges
                0x000008a0      0x2b8 C:\Users\rfr_9\Desktop\IFSC\7FASE~1\PI3~1\SMARTS~2\SMARTS~1\ARDUIN~1\Debug\libArduinoCore.a(WString.o)
 .debug_aranges
                0x00000b58       0x48 C:\Users\rfr_9\Desktop\IFSC\7FASE~1\PI3~1\SMARTS~2\SMARTS~1\ARDUIN~1\Debug\libArduinoCore.a(u8g_bitmap.o)
 .debug_aranges
                0x00000ba0       0x20 C:\Users\rfr_9\Desktop\IFSC\7FASE~1\PI3~1\SMARTS~2\SMARTS~1\ARDUIN~1\Debug\libArduinoCore.a(u8g_clip.o)
 .debug_aranges
                0x00000bc0       0x28 C:\Users\rfr_9\Desktop\IFSC\7FASE~1\PI3~1\SMARTS~2\SMARTS~1\ARDUIN~1\Debug\libArduinoCore.a(u8g_dev_st7920_128x64.o)
 .debug_aranges
                0x00000be8      0x258 C:\Users\rfr_9\Desktop\IFSC\7FASE~1\PI3~1\SMARTS~2\SMARTS~1\ARDUIN~1\Debug\libArduinoCore.a(u8g_font.o)
 .debug_aranges
                0x00000e40       0x18 C:\Users\rfr_9\Desktop\IFSC\7FASE~1\PI3~1\SMARTS~2\SMARTS~1\ARDUIN~1\Debug\libArduinoCore.a(u8g_font_data.o)
 .debug_aranges
                0x00000e58      0x170 C:\Users\rfr_9\Desktop\IFSC\7FASE~1\PI3~1\SMARTS~2\SMARTS~1\ARDUIN~1\Debug\libArduinoCore.a(u8g_ll_api.o)
 .debug_aranges
                0x00000fc8       0x48 C:\Users\rfr_9\Desktop\IFSC\7FASE~1\PI3~1\SMARTS~2\SMARTS~1\ARDUIN~1\Debug\libArduinoCore.a(u8g_pb8h1.o)
 .debug_aranges
                0x00001010       0x30 C:\Users\rfr_9\Desktop\IFSC\7FASE~1\PI3~1\SMARTS~2\SMARTS~1\ARDUIN~1\Debug\libArduinoCore.a(u8g_state.o)
 .debug_aranges
                0x00001040       0x48 C:\Users\rfr_9\Desktop\IFSC\7FASE~1\PI3~1\SMARTS~2\SMARTS~1\ARDUIN~1\Debug\libArduinoCore.a(U8glib.o)
 .debug_aranges
                0x00001088       0x20 C:\Users\rfr_9\Desktop\IFSC\7FASE~1\PI3~1\SMARTS~2\SMARTS~1\ARDUIN~1\Debug\libArduinoCore.a(abi.o)
 .debug_aranges
                0x000010a8       0x68 C:\Users\rfr_9\Desktop\IFSC\7FASE~1\PI3~1\SMARTS~2\SMARTS~1\ARDUIN~1\Debug\libArduinoCore.a(u8g_com_api.o)
 .debug_aranges
                0x00001110       0x38 C:\Users\rfr_9\Desktop\IFSC\7FASE~1\PI3~1\SMARTS~2\SMARTS~1\ARDUIN~1\Debug\libArduinoCore.a(u8g_com_arduino_st7920_spi.o)
 .debug_aranges
                0x00001148       0x30 C:\Users\rfr_9\Desktop\IFSC\7FASE~1\PI3~1\SMARTS~2\SMARTS~1\ARDUIN~1\Debug\libArduinoCore.a(u8g_delay.o)
 .debug_aranges
                0x00001178       0x30 C:\Users\rfr_9\Desktop\IFSC\7FASE~1\PI3~1\SMARTS~2\SMARTS~1\ARDUIN~1\Debug\libArduinoCore.a(u8g_page.o)
 .debug_aranges
                0x000011a8       0x50 C:\Users\rfr_9\Desktop\IFSC\7FASE~1\PI3~1\SMARTS~2\SMARTS~1\ARDUIN~1\Debug\libArduinoCore.a(u8g_pb.o)
 .debug_aranges
                0x000011f8       0x28 C:\Users\rfr_9\Desktop\IFSC\7FASE~1\PI3~1\SMARTS~2\SMARTS~1\ARDUIN~1\Debug\libArduinoCore.a(u8g_com_arduino_common.o)

.debug_pubnames
 *(.debug_pubnames)

.debug_info     0x00000000    0x2d833
 *(.debug_info .gnu.linkonce.wi.*)
 .debug_info    0x00000000      0x5f4 C:/Program Files (x86)/Atmel/Studio/7.0/Packs/atmel/ATmega_DFP/1.2.150/gcc/dev/atmega328p/avr5/crtatmega328p.o
 .debug_info    0x000005f4      0x729 celula.o
 .debug_info    0x00000d1d      0x5db gestao.o
 .debug_info    0x000012f8      0xb91 HX711.o
 .debug_info    0x00001e89      0x357 keypad/Key.o
 .debug_info    0x000021e0     0x112f keypad/Keypad.o
 .debug_info    0x0000330f     0x3822 main.o
 .debug_info    0x00006b31     0x19f2 menu.o
 .debug_info    0x00008523     0x5533 RFID/MFRC522.o
 .debug_info    0x0000da56      0x66b RFID/SPI.o
 .debug_info    0x0000e0c1     0x318d telas.o
 .debug_info    0x0001124e      0x7b3 user.o
 .debug_info    0x00011a01     0x1e89 C:\Users\rfr_9\Desktop\IFSC\7FASE~1\PI3~1\SMARTS~2\SMARTS~1\ARDUIN~1\Debug\libArduinoCore.a(HardwareSerial.o)
 .debug_info    0x0001388a     0x1b16 C:\Users\rfr_9\Desktop\IFSC\7FASE~1\PI3~1\SMARTS~2\SMARTS~1\ARDUIN~1\Debug\libArduinoCore.a(HardwareSerial0.o)
 .debug_info    0x000153a0      0x237 C:\Users\rfr_9\Desktop\IFSC\7FASE~1\PI3~1\SMARTS~2\SMARTS~1\ARDUIN~1\Debug\libArduinoCore.a(main.o)
 .debug_info    0x000155d7      0x11c C:\Users\rfr_9\Desktop\IFSC\7FASE~1\PI3~1\SMARTS~2\SMARTS~1\ARDUIN~1\Debug\libArduinoCore.a(new.o)
 .debug_info    0x000156f3     0x28ff C:\Users\rfr_9\Desktop\IFSC\7FASE~1\PI3~1\SMARTS~2\SMARTS~1\ARDUIN~1\Debug\libArduinoCore.a(Print.o)
 .debug_info    0x00017ff2      0x2cb C:\Users\rfr_9\Desktop\IFSC\7FASE~1\PI3~1\SMARTS~2\SMARTS~1\ARDUIN~1\Debug\libArduinoCore.a(wiring.o)
 .debug_info    0x000182bd      0x5fe C:\Users\rfr_9\Desktop\IFSC\7FASE~1\PI3~1\SMARTS~2\SMARTS~1\ARDUIN~1\Debug\libArduinoCore.a(wiring_digital.o)
 .debug_info    0x000188bb      0x293 C:\Users\rfr_9\Desktop\IFSC\7FASE~1\PI3~1\SMARTS~2\SMARTS~1\ARDUIN~1\Debug\libArduinoCore.a(wiring_shift.o)
 .debug_info    0x00018b4e     0x4338 C:\Users\rfr_9\Desktop\IFSC\7FASE~1\PI3~1\SMARTS~2\SMARTS~1\ARDUIN~1\Debug\libArduinoCore.a(WString.o)
 .debug_info    0x0001ce86      0xaf6 C:\Users\rfr_9\Desktop\IFSC\7FASE~1\PI3~1\SMARTS~2\SMARTS~1\ARDUIN~1\Debug\libArduinoCore.a(u8g_bitmap.o)
 .debug_info    0x0001d97c      0x551 C:\Users\rfr_9\Desktop\IFSC\7FASE~1\PI3~1\SMARTS~2\SMARTS~1\ARDUIN~1\Debug\libArduinoCore.a(u8g_clip.o)
 .debug_info    0x0001decd      0xc86 C:\Users\rfr_9\Desktop\IFSC\7FASE~1\PI3~1\SMARTS~2\SMARTS~1\ARDUIN~1\Debug\libArduinoCore.a(u8g_dev_st7920_128x64.o)
 .debug_info    0x0001eb53     0x37a3 C:\Users\rfr_9\Desktop\IFSC\7FASE~1\PI3~1\SMARTS~2\SMARTS~1\ARDUIN~1\Debug\libArduinoCore.a(u8g_font.o)
 .debug_info    0x000222f6     0x3e45 C:\Users\rfr_9\Desktop\IFSC\7FASE~1\PI3~1\SMARTS~2\SMARTS~1\ARDUIN~1\Debug\libArduinoCore.a(u8g_font_data.o)
 .debug_info    0x0002613b     0x1bed C:\Users\rfr_9\Desktop\IFSC\7FASE~1\PI3~1\SMARTS~2\SMARTS~1\ARDUIN~1\Debug\libArduinoCore.a(u8g_ll_api.o)
 .debug_info    0x00027d28      0x8c3 C:\Users\rfr_9\Desktop\IFSC\7FASE~1\PI3~1\SMARTS~2\SMARTS~1\ARDUIN~1\Debug\libArduinoCore.a(u8g_pb8h1.o)
 .debug_info    0x000285eb      0x527 C:\Users\rfr_9\Desktop\IFSC\7FASE~1\PI3~1\SMARTS~2\SMARTS~1\ARDUIN~1\Debug\libArduinoCore.a(u8g_state.o)
 .debug_info    0x00028b12     0x2630 C:\Users\rfr_9\Desktop\IFSC\7FASE~1\PI3~1\SMARTS~2\SMARTS~1\ARDUIN~1\Debug\libArduinoCore.a(U8glib.o)
 .debug_info    0x0002b142       0x76 C:\Users\rfr_9\Desktop\IFSC\7FASE~1\PI3~1\SMARTS~2\SMARTS~1\ARDUIN~1\Debug\libArduinoCore.a(abi.o)
 .debug_info    0x0002b1b8      0x9df C:\Users\rfr_9\Desktop\IFSC\7FASE~1\PI3~1\SMARTS~2\SMARTS~1\ARDUIN~1\Debug\libArduinoCore.a(u8g_com_api.o)
 .debug_info    0x0002bb97      0xac9 C:\Users\rfr_9\Desktop\IFSC\7FASE~1\PI3~1\SMARTS~2\SMARTS~1\ARDUIN~1\Debug\libArduinoCore.a(u8g_com_arduino_st7920_spi.o)
 .debug_info    0x0002c660      0x1f5 C:\Users\rfr_9\Desktop\IFSC\7FASE~1\PI3~1\SMARTS~2\SMARTS~1\ARDUIN~1\Debug\libArduinoCore.a(u8g_delay.o)
 .debug_info    0x0002c855      0x1ac C:\Users\rfr_9\Desktop\IFSC\7FASE~1\PI3~1\SMARTS~2\SMARTS~1\ARDUIN~1\Debug\libArduinoCore.a(u8g_page.o)
 .debug_info    0x0002ca01      0x869 C:\Users\rfr_9\Desktop\IFSC\7FASE~1\PI3~1\SMARTS~2\SMARTS~1\ARDUIN~1\Debug\libArduinoCore.a(u8g_pb.o)
 .debug_info    0x0002d26a      0x5c9 C:\Users\rfr_9\Desktop\IFSC\7FASE~1\PI3~1\SMARTS~2\SMARTS~1\ARDUIN~1\Debug\libArduinoCore.a(u8g_com_arduino_common.o)

.debug_abbrev   0x00000000     0x608f
 *(.debug_abbrev)
 .debug_abbrev  0x00000000      0x5a2 C:/Program Files (x86)/Atmel/Studio/7.0/Packs/atmel/ATmega_DFP/1.2.150/gcc/dev/atmega328p/avr5/crtatmega328p.o
 .debug_abbrev  0x000005a2      0x255 celula.o
 .debug_abbrev  0x000007f7      0x1aa gestao.o
 .debug_abbrev  0x000009a1      0x304 HX711.o
 .debug_abbrev  0x00000ca5      0x178 keypad/Key.o
 .debug_abbrev  0x00000e1d      0x3fc keypad/Keypad.o
 .debug_abbrev  0x00001219      0x637 main.o
 .debug_abbrev  0x00001850      0x3c6 menu.o
 .debug_abbrev  0x00001c16      0x657 RFID/MFRC522.o
 .debug_abbrev  0x0000226d      0x283 RFID/SPI.o
 .debug_abbrev  0x000024f0      0x4f8 telas.o
 .debug_abbrev  0x000029e8      0x1ff user.o
 .debug_abbrev  0x00002be7      0x432 C:\Users\rfr_9\Desktop\IFSC\7FASE~1\PI3~1\SMARTS~2\SMARTS~1\ARDUIN~1\Debug\libArduinoCore.a(HardwareSerial.o)
 .debug_abbrev  0x00003019      0x3ce C:\Users\rfr_9\Desktop\IFSC\7FASE~1\PI3~1\SMARTS~2\SMARTS~1\ARDUIN~1\Debug\libArduinoCore.a(HardwareSerial0.o)
 .debug_abbrev  0x000033e7      0x12d C:\Users\rfr_9\Desktop\IFSC\7FASE~1\PI3~1\SMARTS~2\SMARTS~1\ARDUIN~1\Debug\libArduinoCore.a(main.o)
 .debug_abbrev  0x00003514       0xce C:\Users\rfr_9\Desktop\IFSC\7FASE~1\PI3~1\SMARTS~2\SMARTS~1\ARDUIN~1\Debug\libArduinoCore.a(new.o)
 .debug_abbrev  0x000035e2      0x47a C:\Users\rfr_9\Desktop\IFSC\7FASE~1\PI3~1\SMARTS~2\SMARTS~1\ARDUIN~1\Debug\libArduinoCore.a(Print.o)
 .debug_abbrev  0x00003a5c      0x146 C:\Users\rfr_9\Desktop\IFSC\7FASE~1\PI3~1\SMARTS~2\SMARTS~1\ARDUIN~1\Debug\libArduinoCore.a(wiring.o)
 .debug_abbrev  0x00003ba2      0x15b C:\Users\rfr_9\Desktop\IFSC\7FASE~1\PI3~1\SMARTS~2\SMARTS~1\ARDUIN~1\Debug\libArduinoCore.a(wiring_digital.o)
 .debug_abbrev  0x00003cfd      0x111 C:\Users\rfr_9\Desktop\IFSC\7FASE~1\PI3~1\SMARTS~2\SMARTS~1\ARDUIN~1\Debug\libArduinoCore.a(wiring_shift.o)
 .debug_abbrev  0x00003e0e      0x4c2 C:\Users\rfr_9\Desktop\IFSC\7FASE~1\PI3~1\SMARTS~2\SMARTS~1\ARDUIN~1\Debug\libArduinoCore.a(WString.o)
 .debug_abbrev  0x000042d0      0x1ee C:\Users\rfr_9\Desktop\IFSC\7FASE~1\PI3~1\SMARTS~2\SMARTS~1\ARDUIN~1\Debug\libArduinoCore.a(u8g_bitmap.o)
 .debug_abbrev  0x000044be      0x165 C:\Users\rfr_9\Desktop\IFSC\7FASE~1\PI3~1\SMARTS~2\SMARTS~1\ARDUIN~1\Debug\libArduinoCore.a(u8g_clip.o)
 .debug_abbrev  0x00004623      0x185 C:\Users\rfr_9\Desktop\IFSC\7FASE~1\PI3~1\SMARTS~2\SMARTS~1\ARDUIN~1\Debug\libArduinoCore.a(u8g_dev_st7920_128x64.o)
 .debug_abbrev  0x000047a8      0x44d C:\Users\rfr_9\Desktop\IFSC\7FASE~1\PI3~1\SMARTS~2\SMARTS~1\ARDUIN~1\Debug\libArduinoCore.a(u8g_font.o)
 .debug_abbrev  0x00004bf5       0x88 C:\Users\rfr_9\Desktop\IFSC\7FASE~1\PI3~1\SMARTS~2\SMARTS~1\ARDUIN~1\Debug\libArduinoCore.a(u8g_font_data.o)
 .debug_abbrev  0x00004c7d      0x3eb C:\Users\rfr_9\Desktop\IFSC\7FASE~1\PI3~1\SMARTS~2\SMARTS~1\ARDUIN~1\Debug\libArduinoCore.a(u8g_ll_api.o)
 .debug_abbrev  0x00005068      0x1d2 C:\Users\rfr_9\Desktop\IFSC\7FASE~1\PI3~1\SMARTS~2\SMARTS~1\ARDUIN~1\Debug\libArduinoCore.a(u8g_pb8h1.o)
 .debug_abbrev  0x0000523a      0x16f C:\Users\rfr_9\Desktop\IFSC\7FASE~1\PI3~1\SMARTS~2\SMARTS~1\ARDUIN~1\Debug\libArduinoCore.a(u8g_state.o)
 .debug_abbrev  0x000053a9      0x2d5 C:\Users\rfr_9\Desktop\IFSC\7FASE~1\PI3~1\SMARTS~2\SMARTS~1\ARDUIN~1\Debug\libArduinoCore.a(U8glib.o)
 .debug_abbrev  0x0000567e       0x6d C:\Users\rfr_9\Desktop\IFSC\7FASE~1\PI3~1\SMARTS~2\SMARTS~1\ARDUIN~1\Debug\libArduinoCore.a(abi.o)
 .debug_abbrev  0x000056eb      0x1a1 C:\Users\rfr_9\Desktop\IFSC\7FASE~1\PI3~1\SMARTS~2\SMARTS~1\ARDUIN~1\Debug\libArduinoCore.a(u8g_com_api.o)
 .debug_abbrev  0x0000588c      0x276 C:\Users\rfr_9\Desktop\IFSC\7FASE~1\PI3~1\SMARTS~2\SMARTS~1\ARDUIN~1\Debug\libArduinoCore.a(u8g_com_arduino_st7920_spi.o)
 .debug_abbrev  0x00005b02       0xcc C:\Users\rfr_9\Desktop\IFSC\7FASE~1\PI3~1\SMARTS~2\SMARTS~1\ARDUIN~1\Debug\libArduinoCore.a(u8g_delay.o)
 .debug_abbrev  0x00005bce       0xe8 C:\Users\rfr_9\Desktop\IFSC\7FASE~1\PI3~1\SMARTS~2\SMARTS~1\ARDUIN~1\Debug\libArduinoCore.a(u8g_page.o)
 .debug_abbrev  0x00005cb6      0x241 C:\Users\rfr_9\Desktop\IFSC\7FASE~1\PI3~1\SMARTS~2\SMARTS~1\ARDUIN~1\Debug\libArduinoCore.a(u8g_pb.o)
 .debug_abbrev  0x00005ef7      0x198 C:\Users\rfr_9\Desktop\IFSC\7FASE~1\PI3~1\SMARTS~2\SMARTS~1\ARDUIN~1\Debug\libArduinoCore.a(u8g_com_arduino_common.o)

.debug_line     0x00000000     0x9dc7
 *(.debug_line .debug_line.* .debug_line_end)
 .debug_line    0x00000000      0x133 C:/Program Files (x86)/Atmel/Studio/7.0/Packs/atmel/ATmega_DFP/1.2.150/gcc/dev/atmega328p/avr5/crtatmega328p.o
 .debug_line    0x00000133      0x3b0 celula.o
 .debug_line    0x000004e3      0x261 gestao.o
 .debug_line    0x00000744      0x3cf HX711.o
 .debug_line    0x00000b13      0x17e keypad/Key.o
 .debug_line    0x00000c91      0x6ae keypad/Keypad.o
 .debug_line    0x0000133f      0x46c main.o
 .debug_line    0x000017ab      0x3ba menu.o
 .debug_line    0x00001b65     0x1826 RFID/MFRC522.o
 .debug_line    0x0000338b      0x2dd RFID/SPI.o
 .debug_line    0x00003668      0x582 telas.o
 .debug_line    0x00003bea      0x380 user.o
 .debug_line    0x00003f6a      0x426 C:\Users\rfr_9\Desktop\IFSC\7FASE~1\PI3~1\SMARTS~2\SMARTS~1\ARDUIN~1\Debug\libArduinoCore.a(HardwareSerial.o)
 .debug_line    0x00004390      0x28c C:\Users\rfr_9\Desktop\IFSC\7FASE~1\PI3~1\SMARTS~2\SMARTS~1\ARDUIN~1\Debug\libArduinoCore.a(HardwareSerial0.o)
 .debug_line    0x0000461c      0x165 C:\Users\rfr_9\Desktop\IFSC\7FASE~1\PI3~1\SMARTS~2\SMARTS~1\ARDUIN~1\Debug\libArduinoCore.a(main.o)
 .debug_line    0x00004781      0x12f C:\Users\rfr_9\Desktop\IFSC\7FASE~1\PI3~1\SMARTS~2\SMARTS~1\ARDUIN~1\Debug\libArduinoCore.a(new.o)
 .debug_line    0x000048b0      0x685 C:\Users\rfr_9\Desktop\IFSC\7FASE~1\PI3~1\SMARTS~2\SMARTS~1\ARDUIN~1\Debug\libArduinoCore.a(Print.o)
 .debug_line    0x00004f35      0x299 C:\Users\rfr_9\Desktop\IFSC\7FASE~1\PI3~1\SMARTS~2\SMARTS~1\ARDUIN~1\Debug\libArduinoCore.a(wiring.o)
 .debug_line    0x000051ce      0x252 C:\Users\rfr_9\Desktop\IFSC\7FASE~1\PI3~1\SMARTS~2\SMARTS~1\ARDUIN~1\Debug\libArduinoCore.a(wiring_digital.o)
 .debug_line    0x00005420      0x172 C:\Users\rfr_9\Desktop\IFSC\7FASE~1\PI3~1\SMARTS~2\SMARTS~1\ARDUIN~1\Debug\libArduinoCore.a(wiring_shift.o)
 .debug_line    0x00005592     0x1355 C:\Users\rfr_9\Desktop\IFSC\7FASE~1\PI3~1\SMARTS~2\SMARTS~1\ARDUIN~1\Debug\libArduinoCore.a(WString.o)
 .debug_line    0x000068e7      0x2b7 C:\Users\rfr_9\Desktop\IFSC\7FASE~1\PI3~1\SMARTS~2\SMARTS~1\ARDUIN~1\Debug\libArduinoCore.a(u8g_bitmap.o)
 .debug_line    0x00006b9e      0x13c C:\Users\rfr_9\Desktop\IFSC\7FASE~1\PI3~1\SMARTS~2\SMARTS~1\ARDUIN~1\Debug\libArduinoCore.a(u8g_clip.o)
 .debug_line    0x00006cda      0x22c C:\Users\rfr_9\Desktop\IFSC\7FASE~1\PI3~1\SMARTS~2\SMARTS~1\ARDUIN~1\Debug\libArduinoCore.a(u8g_dev_st7920_128x64.o)
 .debug_line    0x00006f06     0x119d C:\Users\rfr_9\Desktop\IFSC\7FASE~1\PI3~1\SMARTS~2\SMARTS~1\ARDUIN~1\Debug\libArduinoCore.a(u8g_font.o)
 .debug_line    0x000080a3       0xd6 C:\Users\rfr_9\Desktop\IFSC\7FASE~1\PI3~1\SMARTS~2\SMARTS~1\ARDUIN~1\Debug\libArduinoCore.a(u8g_font_data.o)
 .debug_line    0x00008179      0x965 C:\Users\rfr_9\Desktop\IFSC\7FASE~1\PI3~1\SMARTS~2\SMARTS~1\ARDUIN~1\Debug\libArduinoCore.a(u8g_ll_api.o)
 .debug_line    0x00008ade      0x2a0 C:\Users\rfr_9\Desktop\IFSC\7FASE~1\PI3~1\SMARTS~2\SMARTS~1\ARDUIN~1\Debug\libArduinoCore.a(u8g_pb8h1.o)
 .debug_line    0x00008d7e      0x139 C:\Users\rfr_9\Desktop\IFSC\7FASE~1\PI3~1\SMARTS~2\SMARTS~1\ARDUIN~1\Debug\libArduinoCore.a(u8g_state.o)
 .debug_line    0x00008eb7      0x244 C:\Users\rfr_9\Desktop\IFSC\7FASE~1\PI3~1\SMARTS~2\SMARTS~1\ARDUIN~1\Debug\libArduinoCore.a(U8glib.o)
 .debug_line    0x000090fb       0xa9 C:\Users\rfr_9\Desktop\IFSC\7FASE~1\PI3~1\SMARTS~2\SMARTS~1\ARDUIN~1\Debug\libArduinoCore.a(abi.o)
 .debug_line    0x000091a4      0x257 C:\Users\rfr_9\Desktop\IFSC\7FASE~1\PI3~1\SMARTS~2\SMARTS~1\ARDUIN~1\Debug\libArduinoCore.a(u8g_com_api.o)
 .debug_line    0x000093fb      0x2fb C:\Users\rfr_9\Desktop\IFSC\7FASE~1\PI3~1\SMARTS~2\SMARTS~1\ARDUIN~1\Debug\libArduinoCore.a(u8g_com_arduino_st7920_spi.o)
 .debug_line    0x000096f6      0x1ae C:\Users\rfr_9\Desktop\IFSC\7FASE~1\PI3~1\SMARTS~2\SMARTS~1\ARDUIN~1\Debug\libArduinoCore.a(u8g_delay.o)
 .debug_line    0x000098a4      0x16d C:\Users\rfr_9\Desktop\IFSC\7FASE~1\PI3~1\SMARTS~2\SMARTS~1\ARDUIN~1\Debug\libArduinoCore.a(u8g_page.o)
 .debug_line    0x00009a11      0x237 C:\Users\rfr_9\Desktop\IFSC\7FASE~1\PI3~1\SMARTS~2\SMARTS~1\ARDUIN~1\Debug\libArduinoCore.a(u8g_pb.o)
 .debug_line    0x00009c48      0x17f C:\Users\rfr_9\Desktop\IFSC\7FASE~1\PI3~1\SMARTS~2\SMARTS~1\ARDUIN~1\Debug\libArduinoCore.a(u8g_com_arduino_common.o)

.debug_frame    0x00000000     0x4104
 *(.debug_frame)
 .debug_frame   0x00000000      0x120 celula.o
 .debug_frame   0x00000120       0xe0 gestao.o
 .debug_frame   0x00000200      0x1f8 HX711.o
 .debug_frame   0x000003f8       0x44 keypad/Key.o
 .debug_frame   0x0000043c      0x2dc keypad/Keypad.o
 .debug_frame   0x00000718       0xcc main.o
 .debug_frame   0x000007e4       0xd8 menu.o
 .debug_frame   0x000008bc      0xacc RFID/MFRC522.o
 .debug_frame   0x00001388       0x5c RFID/SPI.o
 .debug_frame   0x000013e4      0x294 telas.o
 .debug_frame   0x00001678      0x128 user.o
 .debug_frame   0x000017a0      0x110 C:\Users\rfr_9\Desktop\IFSC\7FASE~1\PI3~1\SMARTS~2\SMARTS~1\ARDUIN~1\Debug\libArduinoCore.a(HardwareSerial.o)
 .debug_frame   0x000018b0       0xe0 C:\Users\rfr_9\Desktop\IFSC\7FASE~1\PI3~1\SMARTS~2\SMARTS~1\ARDUIN~1\Debug\libArduinoCore.a(HardwareSerial0.o)
 .debug_frame   0x00001990       0x54 C:\Users\rfr_9\Desktop\IFSC\7FASE~1\PI3~1\SMARTS~2\SMARTS~1\ARDUIN~1\Debug\libArduinoCore.a(main.o)
 .debug_frame   0x000019e4       0x54 C:\Users\rfr_9\Desktop\IFSC\7FASE~1\PI3~1\SMARTS~2\SMARTS~1\ARDUIN~1\Debug\libArduinoCore.a(new.o)
 .debug_frame   0x00001a38      0x3ac C:\Users\rfr_9\Desktop\IFSC\7FASE~1\PI3~1\SMARTS~2\SMARTS~1\ARDUIN~1\Debug\libArduinoCore.a(Print.o)
 .debug_frame   0x00001de4       0xc4 C:\Users\rfr_9\Desktop\IFSC\7FASE~1\PI3~1\SMARTS~2\SMARTS~1\ARDUIN~1\Debug\libArduinoCore.a(wiring.o)